// Jest Snapshot v1, https://goo.gl/fbAQLP

exports[`fetchTokyoAsync fetches Sukeibei and returns Tokyo-Hot torrent links 1`] = `
Array [
  Object {
    "links": Array [
      Object {
        "completedDownloads": "1801",
        "coverUrl": "",
        "idPrefix": "n",
        "idSuffix": "1304",
        "leechs": "531",
        "longTitle": "Tokyo-Hot n1304 東熱激情 凌辱服従メイド特集 part2",
        "magnetLink": "magnet:?xt=urn:btih:4LVVG3VAPNE4U53RVOQVTEPVVEKUZR5S&amp;dn=Tokyo-Hot+n1304+%E6%9D%B1%E7%86%B1%E6%BF%80%E6%83%85+%E5%87%8C%E8%BE%B1%E6%9C%8D%E5%BE%93%E3%83%A1%E3%82%A4%E3%83%89%E7%89%B9%E9%9B%86+part2&amp;tr=http%3A%2F%2Fsukebei.tracker.wf%3A8888%2Fannounce&amp;tr=udp%3A%2F%2Fopen.stealth.si%3A80%2Fannounce&amp;tr=udp%3A%2F%2Ftracker.opentrackr.org%3A1337%2Fannounce&amp;tr=udp%3A%2F%2Ftracker.coppersurfer.tk%3A6969%2Fannounce&amp;tr=udp%3A%2F%2Ftracker.leechers-paradise.org%3A6969%2Fannounce",
        "seeds": "368",
        "shortTitle": "Tokyo-Hot n1304",
        "size": "2.4 GiB",
        "torrentLink": "https://sukebei.nyaa.si/download/2484363.torrent",
        "trailer1080pUrl": "http://my.cdn.tokyo-hot.com/media/samples/n1304.mp4",
        "trailer360pUrl": "http://my.cdn.tokyo-hot.com/media/samples/n1304.mp4",
        "trailer480pUrl": "http://my.cdn.tokyo-hot.com/media/samples/n1304.mp4",
        "trailer720pUrl": "http://my.cdn.tokyo-hot.com/media/samples/n1304.mp4",
        "uploadDate": "2018-05-15 01:15",
      },
      Object {
        "completedDownloads": "5554",
        "coverUrl": "",
        "idPrefix": "n",
        "idSuffix": "1303",
        "leechs": "45",
        "longTitle": "Tokyo-Hot n1303 東熱激情 黄金聖水おしっこ特集 part4",
        "magnetLink": "magnet:?xt=urn:btih:37HE5AW5OWYZOHLGI75YDBRGZMXJO2PP&amp;dn=Tokyo-Hot+n1303+%E6%9D%B1%E7%86%B1%E6%BF%80%E6%83%85+%E9%BB%84%E9%87%91%E8%81%96%E6%B0%B4%E3%81%8A%E3%81%97%E3%81%A3%E3%81%93%E7%89%B9%E9%9B%86+part4&amp;tr=http%3A%2F%2Fsukebei.tracker.wf%3A8888%2Fannounce&amp;tr=udp%3A%2F%2Fopen.stealth.si%3A80%2Fannounce&amp;tr=udp%3A%2F%2Ftracker.opentrackr.org%3A1337%2Fannounce&amp;tr=udp%3A%2F%2Ftracker.coppersurfer.tk%3A6969%2Fannounce&amp;tr=udp%3A%2F%2Ftracker.leechers-paradise.org%3A6969%2Fannounce",
        "seeds": "89",
        "shortTitle": "Tokyo-Hot n1303",
        "size": "1.5 GiB",
        "torrentLink": "https://sukebei.nyaa.si/download/2480846.torrent",
        "trailer1080pUrl": "http://my.cdn.tokyo-hot.com/media/samples/n1303.mp4",
        "trailer360pUrl": "http://my.cdn.tokyo-hot.com/media/samples/n1303.mp4",
        "trailer480pUrl": "http://my.cdn.tokyo-hot.com/media/samples/n1303.mp4",
        "trailer720pUrl": "http://my.cdn.tokyo-hot.com/media/samples/n1303.mp4",
        "uploadDate": "2018-05-08 12:01",
      },
      Object {
        "completedDownloads": "85",
        "coverUrl": "",
        "idPrefix": "n",
        "idSuffix": "0682",
        "leechs": "281",
        "longTitle": "東京熱Tokyo-Hot n0682 鬼逝 - 横山みれい",
        "magnetLink": "magnet:?xt=urn:btih:SF6JU4OYCGX5YCLI2VM7CBNOAPBX5LZW&amp;dn=%E6%9D%B1%E4%BA%AC%E7%86%B1Tokyo-Hot+n0682+%E9%AC%BC%E9%80%9D+-+%E6%A8%AA%E5%B1%B1%E3%81%BF%E3%82%8C%E3%81%84&amp;tr=http%3A%2F%2Fsukebei.tracker.wf%3A8888%2Fannounce&amp;tr=udp%3A%2F%2Fopen.stealth.si%3A80%2Fannounce&amp;tr=udp%3A%2F%2Ftracker.opentrackr.org%3A1337%2Fannounce&amp;tr=udp%3A%2F%2Ftracker.coppersurfer.tk%3A6969%2Fannounce&amp;tr=udp%3A%2F%2Ftracker.leechers-paradise.org%3A6969%2Fannounce",
        "seeds": "89",
        "shortTitle": "Tokyo-Hot n0682",
        "size": "3.2 GiB",
        "torrentLink": "https://sukebei.nyaa.si/download/2484269.torrent",
        "trailer1080pUrl": "http://my.cdn.tokyo-hot.com/media/samples/n0682.mp4",
        "trailer360pUrl": "http://my.cdn.tokyo-hot.com/media/samples/n0682.mp4",
        "trailer480pUrl": "http://my.cdn.tokyo-hot.com/media/samples/n0682.mp4",
        "trailer720pUrl": "http://my.cdn.tokyo-hot.com/media/samples/n0682.mp4",
        "uploadDate": "2018-05-14 23:05",
      },
      Object {
        "completedDownloads": "5949",
        "coverUrl": "",
        "idPrefix": "n",
        "idSuffix": "1302",
        "leechs": "73",
        "longTitle": "Tokyo-Hot n1302 東熱激情 暗黒目隠しプレイ特集 part1",
        "magnetLink": "magnet:?xt=urn:btih:FBYTMNMC62MQDXB3ETS5JXNRWHXM5AS4&amp;dn=Tokyo-Hot+n1302+%E6%9D%B1%E7%86%B1%E6%BF%80%E6%83%85+%E6%9A%97%E9%BB%92%E7%9B%AE%E9%9A%A0%E3%81%97%E3%83%97%E3%83%AC%E3%82%A4%E7%89%B9%E9%9B%86+part1&amp;tr=http%3A%2F%2Fsukebei.tracker.wf%3A8888%2Fannounce&amp;tr=udp%3A%2F%2Fopen.stealth.si%3A80%2Fannounce&amp;tr=udp%3A%2F%2Ftracker.opentrackr.org%3A1337%2Fannounce&amp;tr=udp%3A%2F%2Ftracker.coppersurfer.tk%3A6969%2Fannounce&amp;tr=udp%3A%2F%2Ftracker.leechers-paradise.org%3A6969%2Fannounce",
        "seeds": "87",
        "shortTitle": "Tokyo-Hot n1302",
        "size": "2.4 GiB",
        "torrentLink": "https://sukebei.nyaa.si/download/2480847.torrent",
        "trailer1080pUrl": "http://my.cdn.tokyo-hot.com/media/samples/n1302.mp4",
        "trailer360pUrl": "http://my.cdn.tokyo-hot.com/media/samples/n1302.mp4",
        "trailer480pUrl": "http://my.cdn.tokyo-hot.com/media/samples/n1302.mp4",
        "trailer720pUrl": "http://my.cdn.tokyo-hot.com/media/samples/n1302.mp4",
        "uploadDate": "2018-05-08 12:02",
      },
      Object {
        "completedDownloads": "103",
        "coverUrl": "",
        "idPrefix": "n",
        "idSuffix": "0690",
        "leechs": "363",
        "longTitle": "東京熱Tokyo-Hot n0690 秋元希 東京熱で人生初中出し!",
        "magnetLink": "magnet:?xt=urn:btih:TVYOE3WPBW7PND4Z4ZMIFQFYFAQK6P24&amp;dn=%E6%9D%B1%E4%BA%AC%E7%86%B1Tokyo-Hot+n0690+%E7%A7%8B%E5%85%83%E5%B8%8C+%E6%9D%B1%E4%BA%AC%E7%86%B1%E3%81%A7%E4%BA%BA%E7%94%9F%E5%88%9D%E4%B8%AD%E5%87%BA%E3%81%97%21&amp;tr=http%3A%2F%2Fsukebei.tracker.wf%3A8888%2Fannounce&amp;tr=udp%3A%2F%2Fopen.stealth.si%3A80%2Fannounce&amp;tr=udp%3A%2F%2Ftracker.opentrackr.org%3A1337%2Fannounce&amp;tr=udp%3A%2F%2Ftracker.coppersurfer.tk%3A6969%2Fannounce&amp;tr=udp%3A%2F%2Ftracker.leechers-paradise.org%3A6969%2Fannounce",
        "seeds": "86",
        "shortTitle": "Tokyo-Hot n0690",
        "size": "3.5 GiB",
        "torrentLink": "https://sukebei.nyaa.si/download/2484270.torrent",
        "trailer1080pUrl": "http://my.cdn.tokyo-hot.com/media/samples/n0690.mp4",
        "trailer360pUrl": "http://my.cdn.tokyo-hot.com/media/samples/n0690.mp4",
        "trailer480pUrl": "http://my.cdn.tokyo-hot.com/media/samples/n0690.mp4",
        "trailer720pUrl": "http://my.cdn.tokyo-hot.com/media/samples/n0690.mp4",
        "uploadDate": "2018-05-14 23:05",
      },
      Object {
        "completedDownloads": "434",
        "coverUrl": "",
        "idPrefix": "n",
        "idSuffix": "0664",
        "leechs": "137",
        "longTitle": "東京熱Tokyo-Hot n0664 湯川愛菜 無限輪姦女子大生姦殺汁",
        "magnetLink": "magnet:?xt=urn:btih:QEHTFPFISO7UY4EHRJB6PD42MRCADVWG&amp;dn=%E6%9D%B1%E4%BA%AC%E7%86%B1Tokyo-Hot+n0664+%E6%B9%AF%E5%B7%9D%E6%84%9B%E8%8F%9C+%E7%84%A1%E9%99%90%E8%BC%AA%E5%A7%A6%E5%A5%B3%E5%AD%90%E5%A4%A7%E7%94%9F%E5%A7%A6%E6%AE%BA%E6%B1%81&amp;tr=http%3A%2F%2Fsukebei.tracker.wf%3A8888%2Fannounce&amp;tr=udp%3A%2F%2Fopen.stealth.si%3A80%2Fannounce&amp;tr=udp%3A%2F%2Ftracker.opentrackr.org%3A1337%2Fannounce&amp;tr=udp%3A%2F%2Ftracker.coppersurfer.tk%3A6969%2Fannounce&amp;tr=udp%3A%2F%2Ftracker.leechers-paradise.org%3A6969%2Fannounce",
        "seeds": "62",
        "shortTitle": "Tokyo-Hot n0664",
        "size": "2.9 GiB",
        "torrentLink": "https://sukebei.nyaa.si/download/2482737.torrent",
        "trailer1080pUrl": "http://my.cdn.tokyo-hot.com/media/samples/n0664.mp4",
        "trailer360pUrl": "http://my.cdn.tokyo-hot.com/media/samples/n0664.mp4",
        "trailer480pUrl": "http://my.cdn.tokyo-hot.com/media/samples/n0664.mp4",
        "trailer720pUrl": "http://my.cdn.tokyo-hot.com/media/samples/n0664.mp4",
        "uploadDate": "2018-05-11 23:24",
      },
      Object {
        "completedDownloads": "415",
        "coverUrl": "",
        "idPrefix": "n",
        "idSuffix": "0663",
        "leechs": "105",
        "longTitle": "東京熱Tokyo-Hot n0663 小日向みく東熱真正膣射",
        "magnetLink": "magnet:?xt=urn:btih:XCEQRPLZKDKO4GH2R4HKBPWIK6FXRF2E&amp;dn=%E6%9D%B1%E4%BA%AC%E7%86%B1Tokyo-Hot+n0663+%E5%B0%8F%E6%97%A5%E5%90%91%E3%81%BF%E3%81%8F%E6%9D%B1%E7%86%B1%E7%9C%9F%E6%AD%A3%E8%86%A3%E5%B0%84&amp;tr=http%3A%2F%2Fsukebei.tracker.wf%3A8888%2Fannounce&amp;tr=udp%3A%2F%2Fopen.stealth.si%3A80%2Fannounce&amp;tr=udp%3A%2F%2Ftracker.opentrackr.org%3A1337%2Fannounce&amp;tr=udp%3A%2F%2Ftracker.coppersurfer.tk%3A6969%2Fannounce&amp;tr=udp%3A%2F%2Ftracker.leechers-paradise.org%3A6969%2Fannounce",
        "seeds": "59",
        "shortTitle": "Tokyo-Hot n0663",
        "size": "2.8 GiB",
        "torrentLink": "https://sukebei.nyaa.si/download/2482735.torrent",
        "trailer1080pUrl": "http://my.cdn.tokyo-hot.com/media/samples/n0663.mp4",
        "trailer360pUrl": "http://my.cdn.tokyo-hot.com/media/samples/n0663.mp4",
        "trailer480pUrl": "http://my.cdn.tokyo-hot.com/media/samples/n0663.mp4",
        "trailer720pUrl": "http://my.cdn.tokyo-hot.com/media/samples/n0663.mp4",
        "uploadDate": "2018-05-11 23:23",
      },
      Object {
        "completedDownloads": "66",
        "coverUrl": "",
        "idPrefix": "n",
        "idSuffix": "0679",
        "leechs": "271",
        "longTitle": "東京熱Tokyo-Hot n0679 如月妃美子 ザー汁溺死凹姦売却牝",
        "magnetLink": "magnet:?xt=urn:btih:3CPN5WQOAC6DGNFLTTFPVVC4HJY55DUI&amp;dn=%E6%9D%B1%E4%BA%AC%E7%86%B1Tokyo-Hot+n0679+%E5%A6%82%E6%9C%88%E5%A6%83%E7%BE%8E%E5%AD%90+%E3%82%B6%E3%83%BC%E6%B1%81%E6%BA%BA%E6%AD%BB%E5%87%B9%E5%A7%A6%E5%A3%B2%E5%8D%B4%E7%89%9D&amp;tr=http%3A%2F%2Fsukebei.tracker.wf%3A8888%2Fannounce&amp;tr=udp%3A%2F%2Fopen.stealth.si%3A80%2Fannounce&amp;tr=udp%3A%2F%2Ftracker.opentrackr.org%3A1337%2Fannounce&amp;tr=udp%3A%2F%2Ftracker.coppersurfer.tk%3A6969%2Fannounce&amp;tr=udp%3A%2F%2Ftracker.leechers-paradise.org%3A6969%2Fannounce",
        "seeds": "58",
        "shortTitle": "Tokyo-Hot n0679",
        "size": "2.9 GiB",
        "torrentLink": "https://sukebei.nyaa.si/download/2484268.torrent",
        "trailer1080pUrl": "http://my.cdn.tokyo-hot.com/media/samples/n0679.mp4",
        "trailer360pUrl": "http://my.cdn.tokyo-hot.com/media/samples/n0679.mp4",
        "trailer480pUrl": "http://my.cdn.tokyo-hot.com/media/samples/n0679.mp4",
        "trailer720pUrl": "http://my.cdn.tokyo-hot.com/media/samples/n0679.mp4",
        "uploadDate": "2018-05-14 23:04",
      },
      Object {
        "completedDownloads": "219",
        "coverUrl": "",
        "idPrefix": "n",
        "idSuffix": "0666",
        "leechs": "126",
        "longTitle": "東京熱Tokyo-Hot n0666 あいりみく東熱鬼中出し",
        "magnetLink": "magnet:?xt=urn:btih:L3YLGJ3AZXCUABZWY2PG7YR2HV7MILXU&amp;dn=%E6%9D%B1%E4%BA%AC%E7%86%B1Tokyo-Hot+n0666+%E3%81%82%E3%81%84%E3%82%8A%E3%81%BF%E3%81%8F%E6%9D%B1%E7%86%B1%E9%AC%BC%E4%B8%AD%E5%87%BA%E3%81%97&amp;tr=http%3A%2F%2Fsukebei.tracker.wf%3A8888%2Fannounce&amp;tr=udp%3A%2F%2Fopen.stealth.si%3A80%2Fannounce&amp;tr=udp%3A%2F%2Ftracker.opentrackr.org%3A1337%2Fannounce&amp;tr=udp%3A%2F%2Ftracker.coppersurfer.tk%3A6969%2Fannounce&amp;tr=udp%3A%2F%2Ftracker.leechers-paradise.org%3A6969%2Fannounce",
        "seeds": "57",
        "shortTitle": "Tokyo-Hot n0666",
        "size": "3.3 GiB",
        "torrentLink": "https://sukebei.nyaa.si/download/2483862.torrent",
        "trailer1080pUrl": "http://my.cdn.tokyo-hot.com/media/samples/n0666.mp4",
        "trailer360pUrl": "http://my.cdn.tokyo-hot.com/media/samples/n0666.mp4",
        "trailer480pUrl": "http://my.cdn.tokyo-hot.com/media/samples/n0666.mp4",
        "trailer720pUrl": "http://my.cdn.tokyo-hot.com/media/samples/n0666.mp4",
        "uploadDate": "2018-05-13 23:17",
      },
      Object {
        "completedDownloads": "223",
        "coverUrl": "",
        "idPrefix": "n",
        "idSuffix": "0676",
        "leechs": "123",
        "longTitle": "東京熱Tokyo-Hot n0676 西尾かおり東熱ガチ中出し",
        "magnetLink": "magnet:?xt=urn:btih:47PJP455BA62TELXSVD7JQF3EGYP4AS7&amp;dn=%E6%9D%B1%E4%BA%AC%E7%86%B1Tokyo-Hot+n0676+%E8%A5%BF%E5%B0%BE%E3%81%8B%E3%81%8A%E3%82%8A%E6%9D%B1%E7%86%B1%E3%82%AC%E3%83%81%E4%B8%AD%E5%87%BA%E3%81%97&amp;tr=http%3A%2F%2Fsukebei.tracker.wf%3A8888%2Fannounce&amp;tr=udp%3A%2F%2Fopen.stealth.si%3A80%2Fannounce&amp;tr=udp%3A%2F%2Ftracker.opentrackr.org%3A1337%2Fannounce&amp;tr=udp%3A%2F%2Ftracker.coppersurfer.tk%3A6969%2Fannounce&amp;tr=udp%3A%2F%2Ftracker.leechers-paradise.org%3A6969%2Fannounce",
        "seeds": "56",
        "shortTitle": "Tokyo-Hot n0676",
        "size": "3.1 GiB",
        "torrentLink": "https://sukebei.nyaa.si/download/2483863.torrent",
        "trailer1080pUrl": "http://my.cdn.tokyo-hot.com/media/samples/n0676.mp4",
        "trailer360pUrl": "http://my.cdn.tokyo-hot.com/media/samples/n0676.mp4",
        "trailer480pUrl": "http://my.cdn.tokyo-hot.com/media/samples/n0676.mp4",
        "trailer720pUrl": "http://my.cdn.tokyo-hot.com/media/samples/n0676.mp4",
        "uploadDate": "2018-05-13 23:18",
      },
      Object {
        "completedDownloads": "9214",
        "coverUrl": "",
        "idPrefix": "n",
        "idSuffix": "1301",
        "leechs": "18",
        "longTitle": "Tokyo-Hot n1301 東熱激情 RQ＆キャンギャル特集 part2",
        "magnetLink": "magnet:?xt=urn:btih:GESWSB6FMGND3XDMDZJ57TUFDKPSUYK6&amp;dn=Tokyo-Hot+n1301+%E6%9D%B1%E7%86%B1%E6%BF%80%E6%83%85+RQ%EF%BC%86%E3%82%AD%E3%83%A3%E3%83%B3%E3%82%AE%E3%83%A3%E3%83%AB%E7%89%B9%E9%9B%86+part2&amp;tr=http%3A%2F%2Fsukebei.tracker.wf%3A8888%2Fannounce&amp;tr=udp%3A%2F%2Fopen.stealth.si%3A80%2Fannounce&amp;tr=udp%3A%2F%2Ftracker.opentrackr.org%3A1337%2Fannounce&amp;tr=udp%3A%2F%2Ftracker.coppersurfer.tk%3A6969%2Fannounce&amp;tr=udp%3A%2F%2Ftracker.leechers-paradise.org%3A6969%2Fannounce",
        "seeds": "53",
        "shortTitle": "Tokyo-Hot n1301",
        "size": "2.6 GiB",
        "torrentLink": "https://sukebei.nyaa.si/download/2474093.torrent",
        "trailer1080pUrl": "http://my.cdn.tokyo-hot.com/media/samples/n1301.mp4",
        "trailer360pUrl": "http://my.cdn.tokyo-hot.com/media/samples/n1301.mp4",
        "trailer480pUrl": "http://my.cdn.tokyo-hot.com/media/samples/n1301.mp4",
        "trailer720pUrl": "http://my.cdn.tokyo-hot.com/media/samples/n1301.mp4",
        "uploadDate": "2018-04-25 13:07",
      },
      Object {
        "completedDownloads": "301",
        "coverUrl": "",
        "idPrefix": "n",
        "idSuffix": "0652",
        "leechs": "79",
        "longTitle": "東京熱Tokyo-Hot n0652 関根啓子 脅迫押し入り強制中出し",
        "magnetLink": "magnet:?xt=urn:btih:TM7EKMOSNKFIDSX3QT4LYB5EB2DYM6AE&amp;dn=%E6%9D%B1%E4%BA%AC%E7%86%B1Tokyo-Hot+n0652+%E9%96%A2%E6%A0%B9%E5%95%93%E5%AD%90+%E8%84%85%E8%BF%AB%E6%8A%BC%E3%81%97%E5%85%A5%E3%82%8A%E5%BC%B7%E5%88%B6%E4%B8%AD%E5%87%BA%E3%81%97&amp;tr=http%3A%2F%2Fsukebei.tracker.wf%3A8888%2Fannounce&amp;tr=udp%3A%2F%2Fopen.stealth.si%3A80%2Fannounce&amp;tr=udp%3A%2F%2Ftracker.opentrackr.org%3A1337%2Fannounce&amp;tr=udp%3A%2F%2Ftracker.coppersurfer.tk%3A6969%2Fannounce&amp;tr=udp%3A%2F%2Ftracker.leechers-paradise.org%3A6969%2Fannounce",
        "seeds": "45",
        "shortTitle": "Tokyo-Hot n0652",
        "size": "2.9 GiB",
        "torrentLink": "https://sukebei.nyaa.si/download/2482733.torrent",
        "trailer1080pUrl": "http://my.cdn.tokyo-hot.com/media/samples/n0652.mp4",
        "trailer360pUrl": "http://my.cdn.tokyo-hot.com/media/samples/n0652.mp4",
        "trailer480pUrl": "http://my.cdn.tokyo-hot.com/media/samples/n0652.mp4",
        "trailer720pUrl": "http://my.cdn.tokyo-hot.com/media/samples/n0652.mp4",
        "uploadDate": "2018-05-11 23:22",
      },
      Object {
        "completedDownloads": "15331",
        "coverUrl": "",
        "idPrefix": "n",
        "idSuffix": "1298",
        "leechs": "11",
        "longTitle": "Tokyo-Hot n1298 東熱激情 自我粉砕！女子アナ＆お天気お姉さん 特集 part1",
        "magnetLink": "magnet:?xt=urn:btih:6VT7YTQVT5QOVPT2JI26ZHA7N2XNSKDW&amp;dn=Tokyo-Hot+n1298+%E6%9D%B1%E7%86%B1%E6%BF%80%E6%83%85+%E8%87%AA%E6%88%91%E7%B2%89%E7%A0%95%EF%BC%81%E5%A5%B3%E5%AD%90%E3%82%A2%E3%83%8A%EF%BC%86%E3%81%8A%E5%A4%A9%E6%B0%97%E3%81%8A%E5%A7%89%E3%81%95%E3%82%93+%E7%89%B9%E9%9B%86+part1&amp;tr=http%3A%2F%2Fsukebei.tracker.wf%3A8888%2Fannounce&amp;tr=udp%3A%2F%2Fopen.stealth.si%3A80%2Fannounce&amp;tr=udp%3A%2F%2Ftracker.opentrackr.org%3A1337%2Fannounce&amp;tr=udp%3A%2F%2Ftracker.coppersurfer.tk%3A6969%2Fannounce&amp;tr=udp%3A%2F%2Ftracker.leechers-paradise.org%3A6969%2Fannounce",
        "seeds": "41",
        "shortTitle": "Tokyo-Hot n1298",
        "size": "2.4 GiB",
        "torrentLink": "https://sukebei.nyaa.si/download/2467319.torrent",
        "trailer1080pUrl": "http://my.cdn.tokyo-hot.com/media/samples/n1298.mp4",
        "trailer360pUrl": "http://my.cdn.tokyo-hot.com/media/samples/n1298.mp4",
        "trailer480pUrl": "http://my.cdn.tokyo-hot.com/media/samples/n1298.mp4",
        "trailer720pUrl": "http://my.cdn.tokyo-hot.com/media/samples/n1298.mp4",
        "uploadDate": "2018-04-11 16:22",
      },
      Object {
        "completedDownloads": "194",
        "coverUrl": "",
        "idPrefix": "n",
        "idSuffix": "0665",
        "leechs": "123",
        "longTitle": "東京熱Tokyo-Hot n0665 南方さき 孕!完全服従炉利メイド",
        "magnetLink": "magnet:?xt=urn:btih:OXFSM6DHASEPOU2CWQCT2CSZDXIC3JZ6&amp;dn=%E6%9D%B1%E4%BA%AC%E7%86%B1Tokyo-Hot+n0665+%E5%8D%97%E6%96%B9%E3%81%95%E3%81%8D+%E5%AD%95%21%E5%AE%8C%E5%85%A8%E6%9C%8D%E5%BE%93%E7%82%89%E5%88%A9%E3%83%A1%E3%82%A4%E3%83%89&amp;tr=http%3A%2F%2Fsukebei.tracker.wf%3A8888%2Fannounce&amp;tr=udp%3A%2F%2Fopen.stealth.si%3A80%2Fannounce&amp;tr=udp%3A%2F%2Ftracker.opentrackr.org%3A1337%2Fannounce&amp;tr=udp%3A%2F%2Ftracker.coppersurfer.tk%3A6969%2Fannounce&amp;tr=udp%3A%2F%2Ftracker.leechers-paradise.org%3A6969%2Fannounce",
        "seeds": "41",
        "shortTitle": "Tokyo-Hot n0665",
        "size": "2.5 GiB",
        "torrentLink": "https://sukebei.nyaa.si/download/2483861.torrent",
        "trailer1080pUrl": "http://my.cdn.tokyo-hot.com/media/samples/n0665.mp4",
        "trailer360pUrl": "http://my.cdn.tokyo-hot.com/media/samples/n0665.mp4",
        "trailer480pUrl": "http://my.cdn.tokyo-hot.com/media/samples/n0665.mp4",
        "trailer720pUrl": "http://my.cdn.tokyo-hot.com/media/samples/n0665.mp4",
        "uploadDate": "2018-05-13 23:17",
      },
      Object {
        "completedDownloads": "8063",
        "coverUrl": "",
        "idPrefix": "n",
        "idSuffix": "1300",
        "leechs": "12",
        "longTitle": "Tokyo-Hot n1300 東熱激情 雄汁流し込み特集 part4",
        "magnetLink": "magnet:?xt=urn:btih:SMEJ4R3STPDPCZ66J3LPTYKUHUALV2GW&amp;dn=Tokyo-Hot+n1300+%E6%9D%B1%E7%86%B1%E6%BF%80%E6%83%85+%E9%9B%84%E6%B1%81%E6%B5%81%E3%81%97%E8%BE%BC%E3%81%BF%E7%89%B9%E9%9B%86+part4&amp;tr=http%3A%2F%2Fsukebei.tracker.wf%3A8888%2Fannounce&amp;tr=udp%3A%2F%2Fopen.stealth.si%3A80%2Fannounce&amp;tr=udp%3A%2F%2Ftracker.opentrackr.org%3A1337%2Fannounce&amp;tr=udp%3A%2F%2Ftracker.coppersurfer.tk%3A6969%2Fannounce&amp;tr=udp%3A%2F%2Ftracker.leechers-paradise.org%3A6969%2Fannounce",
        "seeds": "35",
        "shortTitle": "Tokyo-Hot n1300",
        "size": "1.1 GiB",
        "torrentLink": "https://sukebei.nyaa.si/download/2470818.torrent",
        "trailer1080pUrl": "http://my.cdn.tokyo-hot.com/media/samples/n1300.mp4",
        "trailer360pUrl": "http://my.cdn.tokyo-hot.com/media/samples/n1300.mp4",
        "trailer480pUrl": "http://my.cdn.tokyo-hot.com/media/samples/n1300.mp4",
        "trailer720pUrl": "http://my.cdn.tokyo-hot.com/media/samples/n1300.mp4",
        "uploadDate": "2018-04-18 19:37",
      },
      Object {
        "completedDownloads": "15739",
        "coverUrl": "",
        "idPrefix": "n",
        "idSuffix": "1295",
        "leechs": "12",
        "longTitle": "Tokyo-Hot n1295 東熱激情 アナル姦特集 part2",
        "magnetLink": "magnet:?xt=urn:btih:PFXTXC3FABC5GOERQJOLOP5VOFNV4D6A&amp;dn=Tokyo-Hot+n1295+%E6%9D%B1%E7%86%B1%E6%BF%80%E6%83%85+%E3%82%A2%E3%83%8A%E3%83%AB%E5%A7%A6%E7%89%B9%E9%9B%86+part2&amp;tr=http%3A%2F%2Fsukebei.tracker.wf%3A8888%2Fannounce&amp;tr=udp%3A%2F%2Fopen.stealth.si%3A80%2Fannounce&amp;tr=udp%3A%2F%2Ftracker.opentrackr.org%3A1337%2Fannounce&amp;tr=udp%3A%2F%2Ftracker.coppersurfer.tk%3A6969%2Fannounce&amp;tr=udp%3A%2F%2Ftracker.leechers-paradise.org%3A6969%2Fannounce",
        "seeds": "34",
        "shortTitle": "Tokyo-Hot n1295",
        "size": "2.9 GiB",
        "torrentLink": "https://sukebei.nyaa.si/download/2460104.torrent",
        "trailer1080pUrl": "http://my.cdn.tokyo-hot.com/media/samples/n1295.mp4",
        "trailer360pUrl": "http://my.cdn.tokyo-hot.com/media/samples/n1295.mp4",
        "trailer480pUrl": "http://my.cdn.tokyo-hot.com/media/samples/n1295.mp4",
        "trailer720pUrl": "http://my.cdn.tokyo-hot.com/media/samples/n1295.mp4",
        "uploadDate": "2018-03-28 17:14",
      },
      Object {
        "completedDownloads": "480",
        "coverUrl": "",
        "idPrefix": "n",
        "idSuffix": "0672",
        "leechs": "37",
        "longTitle": "東京熱Tokyo-Hot n0672 小日向みく 膣射31連發精液極中出",
        "magnetLink": "magnet:?xt=urn:btih:P4BK73I7VXC7FKS5W5STQCNVID3ONFAV&amp;dn=%E6%9D%B1%E4%BA%AC%E7%86%B1Tokyo-Hot+n0672+%E5%B0%8F%E6%97%A5%E5%90%91%E3%81%BF%E3%81%8F+%E8%86%A3%E5%B0%8431%E9%80%A3%E7%99%BC%E7%B2%BE%E6%B6%B2%E6%A5%B5%E4%B8%AD%E5%87%BA&amp;tr=http%3A%2F%2Fsukebei.tracker.wf%3A8888%2Fannounce&amp;tr=udp%3A%2F%2Fopen.stealth.si%3A80%2Fannounce&amp;tr=udp%3A%2F%2Ftracker.opentrackr.org%3A1337%2Fannounce&amp;tr=udp%3A%2F%2Ftracker.coppersurfer.tk%3A6969%2Fannounce&amp;tr=udp%3A%2F%2Ftracker.leechers-paradise.org%3A6969%2Fannounce",
        "seeds": "32",
        "shortTitle": "Tokyo-Hot n0672",
        "size": "3.0 GiB",
        "torrentLink": "https://sukebei.nyaa.si/download/2481191.torrent",
        "trailer1080pUrl": "http://my.cdn.tokyo-hot.com/media/samples/n0672.mp4",
        "trailer360pUrl": "http://my.cdn.tokyo-hot.com/media/samples/n0672.mp4",
        "trailer480pUrl": "http://my.cdn.tokyo-hot.com/media/samples/n0672.mp4",
        "trailer720pUrl": "http://my.cdn.tokyo-hot.com/media/samples/n0672.mp4",
        "uploadDate": "2018-05-08 23:02",
      },
      Object {
        "completedDownloads": "272",
        "coverUrl": "",
        "idPrefix": "n",
        "idSuffix": "0662",
        "leechs": "104",
        "longTitle": "東京熱Tokyo-Hot n0662 神田来未子 監禁CA激逝き汁漬け中毒",
        "magnetLink": "magnet:?xt=urn:btih:VILKKASZP757NZLVZKRTUYIBAI7ADQOL&amp;dn=%E6%9D%B1%E4%BA%AC%E7%86%B1Tokyo-Hot+n0662+%E7%A5%9E%E7%94%B0%E6%9D%A5%E6%9C%AA%E5%AD%90+%E7%9B%A3%E7%A6%81CA%E6%BF%80%E9%80%9D%E3%81%8D%E6%B1%81%E6%BC%AC%E3%81%91%E4%B8%AD%E6%AF%92&amp;tr=http%3A%2F%2Fsukebei.tracker.wf%3A8888%2Fannounce&amp;tr=udp%3A%2F%2Fopen.stealth.si%3A80%2Fannounce&amp;tr=udp%3A%2F%2Ftracker.opentrackr.org%3A1337%2Fannounce&amp;tr=udp%3A%2F%2Ftracker.coppersurfer.tk%3A6969%2Fannounce&amp;tr=udp%3A%2F%2Ftracker.leechers-paradise.org%3A6969%2Fannounce",
        "seeds": "32",
        "shortTitle": "Tokyo-Hot n0662",
        "size": "2.9 GiB",
        "torrentLink": "https://sukebei.nyaa.si/download/2482734.torrent",
        "trailer1080pUrl": "http://my.cdn.tokyo-hot.com/media/samples/n0662.mp4",
        "trailer360pUrl": "http://my.cdn.tokyo-hot.com/media/samples/n0662.mp4",
        "trailer480pUrl": "http://my.cdn.tokyo-hot.com/media/samples/n0662.mp4",
        "trailer720pUrl": "http://my.cdn.tokyo-hot.com/media/samples/n0662.mp4",
        "uploadDate": "2018-05-11 23:23",
      },
      Object {
        "completedDownloads": "373",
        "coverUrl": "",
        "idPrefix": "n",
        "idSuffix": "0669",
        "leechs": "48",
        "longTitle": "東京熱Tokyo-Hot n0669 優香りあ 美人好色受付嬢孕汁調教",
        "magnetLink": "magnet:?xt=urn:btih:3OKNF6MD7NJE4E7V4LNZSOLDKNCRYYSU&amp;dn=%E6%9D%B1%E4%BA%AC%E7%86%B1Tokyo-Hot+n0669+%E5%84%AA%E9%A6%99%E3%82%8A%E3%81%82+%E7%BE%8E%E4%BA%BA%E5%A5%BD%E8%89%B2%E5%8F%97%E4%BB%98%E5%AC%A2%E5%AD%95%E6%B1%81%E8%AA%BF%E6%95%99&amp;tr=http%3A%2F%2Fsukebei.tracker.wf%3A8888%2Fannounce&amp;tr=udp%3A%2F%2Fopen.stealth.si%3A80%2Fannounce&amp;tr=udp%3A%2F%2Ftracker.opentrackr.org%3A1337%2Fannounce&amp;tr=udp%3A%2F%2Ftracker.coppersurfer.tk%3A6969%2Fannounce&amp;tr=udp%3A%2F%2Ftracker.leechers-paradise.org%3A6969%2Fannounce",
        "seeds": "27",
        "shortTitle": "Tokyo-Hot n0669",
        "size": "2.7 GiB",
        "torrentLink": "https://sukebei.nyaa.si/download/2481776.torrent",
        "trailer1080pUrl": "http://my.cdn.tokyo-hot.com/media/samples/n0669.mp4",
        "trailer360pUrl": "http://my.cdn.tokyo-hot.com/media/samples/n0669.mp4",
        "trailer480pUrl": "http://my.cdn.tokyo-hot.com/media/samples/n0669.mp4",
        "trailer720pUrl": "http://my.cdn.tokyo-hot.com/media/samples/n0669.mp4",
        "uploadDate": "2018-05-09 23:36",
      },
      Object {
        "completedDownloads": "25816",
        "coverUrl": "",
        "idPrefix": "n",
        "idSuffix": "1288",
        "leechs": "13",
        "longTitle": "Tokyo-Hot n1288 東熱激情 感激！パイパン美少女特集 part2",
        "magnetLink": "magnet:?xt=urn:btih:QWDXQWQ3TKZOXOIQ2V34PHGF3NGX4NO5&amp;dn=Tokyo-Hot+n1288+%E6%9D%B1%E7%86%B1%E6%BF%80%E6%83%85+%E6%84%9F%E6%BF%80%EF%BC%81%E3%83%91%E3%82%A4%E3%83%91%E3%83%B3%E7%BE%8E%E5%B0%91%E5%A5%B3%E7%89%B9%E9%9B%86+part2&amp;tr=http%3A%2F%2Fsukebei.tracker.wf%3A8888%2Fannounce&amp;tr=udp%3A%2F%2Fopen.stealth.si%3A80%2Fannounce&amp;tr=udp%3A%2F%2Ftracker.opentrackr.org%3A1337%2Fannounce&amp;tr=udp%3A%2F%2Ftracker.coppersurfer.tk%3A6969%2Fannounce&amp;tr=udp%3A%2F%2Ftracker.leechers-paradise.org%3A6969%2Fannounce",
        "seeds": "25",
        "shortTitle": "Tokyo-Hot n1288",
        "size": "1.9 GiB",
        "torrentLink": "https://sukebei.nyaa.si/download/2440473.torrent",
        "trailer1080pUrl": "http://my.cdn.tokyo-hot.com/media/samples/n1288.mp4",
        "trailer360pUrl": "http://my.cdn.tokyo-hot.com/media/samples/n1288.mp4",
        "trailer480pUrl": "http://my.cdn.tokyo-hot.com/media/samples/n1288.mp4",
        "trailer720pUrl": "http://my.cdn.tokyo-hot.com/media/samples/n1288.mp4",
        "uploadDate": "2018-02-20 21:49",
      },
      Object {
        "completedDownloads": "442",
        "coverUrl": "",
        "idPrefix": "n",
        "idSuffix": "0670",
        "leechs": "63",
        "longTitle": "東京熱Tokyo-Hot n0670 希咲あや東熱真正中出し",
        "magnetLink": "magnet:?xt=urn:btih:SDK7TSXZ7ON5J6GEEEJRNVD4HDG22ZUD&amp;dn=%E6%9D%B1%E4%BA%AC%E7%86%B1Tokyo-Hot+n0670+%E5%B8%8C%E5%92%B2%E3%81%82%E3%82%84%E6%9D%B1%E7%86%B1%E7%9C%9F%E6%AD%A3%E4%B8%AD%E5%87%BA%E3%81%97&amp;tr=http%3A%2F%2Fsukebei.tracker.wf%3A8888%2Fannounce&amp;tr=udp%3A%2F%2Fopen.stealth.si%3A80%2Fannounce&amp;tr=udp%3A%2F%2Ftracker.opentrackr.org%3A1337%2Fannounce&amp;tr=udp%3A%2F%2Ftracker.coppersurfer.tk%3A6969%2Fannounce&amp;tr=udp%3A%2F%2Ftracker.leechers-paradise.org%3A6969%2Fannounce",
        "seeds": "25",
        "shortTitle": "Tokyo-Hot n0670",
        "size": "3.2 GiB",
        "torrentLink": "https://sukebei.nyaa.si/download/2481777.torrent",
        "trailer1080pUrl": "http://my.cdn.tokyo-hot.com/media/samples/n0670.mp4",
        "trailer360pUrl": "http://my.cdn.tokyo-hot.com/media/samples/n0670.mp4",
        "trailer480pUrl": "http://my.cdn.tokyo-hot.com/media/samples/n0670.mp4",
        "trailer720pUrl": "http://my.cdn.tokyo-hot.com/media/samples/n0670.mp4",
        "uploadDate": "2018-05-09 23:36",
      },
      Object {
        "completedDownloads": "302",
        "coverUrl": "",
        "idPrefix": "n",
        "idSuffix": "0667",
        "leechs": "47",
        "longTitle": "東京熱Tokyo-Hot n0667 南みか 極悪!ザーメン満タン封鎖マンコ",
        "magnetLink": "magnet:?xt=urn:btih:HQJHDBUNVJ7GHLEOSK2I66274S3VWLK4&amp;dn=%E6%9D%B1%E4%BA%AC%E7%86%B1Tokyo-Hot+n0667+%E5%8D%97%E3%81%BF%E3%81%8B+%E6%A5%B5%E6%82%AA%21%E3%82%B6%E3%83%BC%E3%83%A1%E3%83%B3%E6%BA%80%E3%82%BF%E3%83%B3%E5%B0%81%E9%8E%96%E3%83%9E%E3%83%B3%E3%82%B3&amp;tr=http%3A%2F%2Fsukebei.tracker.wf%3A8888%2Fannounce&amp;tr=udp%3A%2F%2Fopen.stealth.si%3A80%2Fannounce&amp;tr=udp%3A%2F%2Ftracker.opentrackr.org%3A1337%2Fannounce&amp;tr=udp%3A%2F%2Ftracker.coppersurfer.tk%3A6969%2Fannounce&amp;tr=udp%3A%2F%2Ftracker.leechers-paradise.org%3A6969%2Fannounce",
        "seeds": "24",
        "shortTitle": "Tokyo-Hot n0667",
        "size": "2.6 GiB",
        "torrentLink": "https://sukebei.nyaa.si/download/2482263.torrent",
        "trailer1080pUrl": "http://my.cdn.tokyo-hot.com/media/samples/n0667.mp4",
        "trailer360pUrl": "http://my.cdn.tokyo-hot.com/media/samples/n0667.mp4",
        "trailer480pUrl": "http://my.cdn.tokyo-hot.com/media/samples/n0667.mp4",
        "trailer720pUrl": "http://my.cdn.tokyo-hot.com/media/samples/n0667.mp4",
        "uploadDate": "2018-05-10 23:25",
      },
      Object {
        "completedDownloads": "13984",
        "coverUrl": "",
        "idPrefix": "n",
        "idSuffix": "1292",
        "leechs": "14",
        "longTitle": "Tokyo-Hot n1292 東熱激情 淫乱女教師中出授業 特集 part1",
        "magnetLink": "magnet:?xt=urn:btih:GJS2DQYKYXJIVCIX7HIUD7YCOZVKQFQQ&amp;dn=Tokyo-Hot+n1292+%E6%9D%B1%E7%86%B1%E6%BF%80%E6%83%85+%E6%B7%AB%E4%B9%B1%E5%A5%B3%E6%95%99%E5%B8%AB%E4%B8%AD%E5%87%BA%E6%8E%88%E6%A5%AD+%E7%89%B9%E9%9B%86+part1&amp;tr=http%3A%2F%2Fsukebei.tracker.wf%3A8888%2Fannounce&amp;tr=udp%3A%2F%2Fopen.stealth.si%3A80%2Fannounce&amp;tr=udp%3A%2F%2Ftracker.opentrackr.org%3A1337%2Fannounce&amp;tr=udp%3A%2F%2Ftracker.coppersurfer.tk%3A6969%2Fannounce&amp;tr=udp%3A%2F%2Ftracker.leechers-paradise.org%3A6969%2Fannounce",
        "seeds": "24",
        "shortTitle": "Tokyo-Hot n1292",
        "size": "2.1 GiB",
        "torrentLink": "https://sukebei.nyaa.si/download/2451636.torrent",
        "trailer1080pUrl": "http://my.cdn.tokyo-hot.com/media/samples/n1292.mp4",
        "trailer360pUrl": "http://my.cdn.tokyo-hot.com/media/samples/n1292.mp4",
        "trailer480pUrl": "http://my.cdn.tokyo-hot.com/media/samples/n1292.mp4",
        "trailer720pUrl": "http://my.cdn.tokyo-hot.com/media/samples/n1292.mp4",
        "uploadDate": "2018-03-13 20:53",
      },
      Object {
        "completedDownloads": "8388",
        "coverUrl": "",
        "idPrefix": "n",
        "idSuffix": "1297",
        "leechs": "5",
        "longTitle": "Tokyo-Hot n1297 東熱激情ごっくんミルク飲み娘特集 part4",
        "magnetLink": "magnet:?xt=urn:btih:UNA3JJDHO2R5R27QPEM5QFROO2MKSNE6&amp;dn=Tokyo-Hot+n1297+%E6%9D%B1%E7%86%B1%E6%BF%80%E6%83%85%E3%81%94%E3%81%A3%E3%81%8F%E3%82%93%E3%83%9F%E3%83%AB%E3%82%AF%E9%A3%B2%E3%81%BF%E5%A8%98%E7%89%B9%E9%9B%86+part4&amp;tr=http%3A%2F%2Fsukebei.tracker.wf%3A8888%2Fannounce&amp;tr=udp%3A%2F%2Fopen.stealth.si%3A80%2Fannounce&amp;tr=udp%3A%2F%2Ftracker.opentrackr.org%3A1337%2Fannounce&amp;tr=udp%3A%2F%2Ftracker.coppersurfer.tk%3A6969%2Fannounce&amp;tr=udp%3A%2F%2Ftracker.leechers-paradise.org%3A6969%2Fannounce",
        "seeds": "23",
        "shortTitle": "Tokyo-Hot n1297",
        "size": "1.8 GiB",
        "torrentLink": "https://sukebei.nyaa.si/download/2464657.torrent",
        "trailer1080pUrl": "http://my.cdn.tokyo-hot.com/media/samples/n1297.mp4",
        "trailer360pUrl": "http://my.cdn.tokyo-hot.com/media/samples/n1297.mp4",
        "trailer480pUrl": "http://my.cdn.tokyo-hot.com/media/samples/n1297.mp4",
        "trailer720pUrl": "http://my.cdn.tokyo-hot.com/media/samples/n1297.mp4",
        "uploadDate": "2018-04-05 17:51",
      },
      Object {
        "completedDownloads": "4798",
        "coverUrl": "",
        "idPrefix": "n",
        "idSuffix": "1299",
        "leechs": "18",
        "longTitle": "Tokyo-Hot n1299 東熱激情 恥さらし ぶっかけ特集 part5",
        "magnetLink": "magnet:?xt=urn:btih:2W4LHUHAVYFXJBH2UXIGGELX5OK6FDPI&amp;dn=Tokyo-Hot+n1299+%E6%9D%B1%E7%86%B1%E6%BF%80%E6%83%85+%E6%81%A5%E3%81%95%E3%82%89%E3%81%97+%E3%81%B6%E3%81%A3%E3%81%8B%E3%81%91%E7%89%B9%E9%9B%86+part5&amp;tr=http%3A%2F%2Fsukebei.tracker.wf%3A8888%2Fannounce&amp;tr=udp%3A%2F%2Fopen.stealth.si%3A80%2Fannounce&amp;tr=udp%3A%2F%2Ftracker.opentrackr.org%3A1337%2Fannounce&amp;tr=udp%3A%2F%2Ftracker.coppersurfer.tk%3A6969%2Fannounce&amp;tr=udp%3A%2F%2Ftracker.leechers-paradise.org%3A6969%2Fannounce",
        "seeds": "23",
        "shortTitle": "Tokyo-Hot n1299",
        "size": "2.7 GiB",
        "torrentLink": "https://sukebei.nyaa.si/download/2470817.torrent",
        "trailer1080pUrl": "http://my.cdn.tokyo-hot.com/media/samples/n1299.mp4",
        "trailer360pUrl": "http://my.cdn.tokyo-hot.com/media/samples/n1299.mp4",
        "trailer480pUrl": "http://my.cdn.tokyo-hot.com/media/samples/n1299.mp4",
        "trailer720pUrl": "http://my.cdn.tokyo-hot.com/media/samples/n1299.mp4",
        "uploadDate": "2018-04-18 19:36",
      },
      Object {
        "completedDownloads": "11716",
        "coverUrl": "",
        "idPrefix": "n",
        "idSuffix": "1289",
        "leechs": "17",
        "longTitle": "Tokyo-Hot n1289 大乱交SP2006ディレクターズカット版【後編】",
        "magnetLink": "magnet:?xt=urn:btih:NUMXORRMRTPJEKKY53I2NUABAMUJEKGO&amp;dn=Tokyo-Hot+n1289+%E5%A4%A7%E4%B9%B1%E4%BA%A4SP2006%E3%83%87%E3%82%A3%E3%83%AC%E3%82%AF%E3%82%BF%E3%83%BC%E3%82%BA%E3%82%AB%E3%83%83%E3%83%88%E7%89%88%E3%80%90%E5%BE%8C%E7%B7%A8%E3%80%91&amp;tr=http%3A%2F%2Fsukebei.tracker.wf%3A8888%2Fannounce&amp;tr=udp%3A%2F%2Fopen.stealth.si%3A80%2Fannounce&amp;tr=udp%3A%2F%2Ftracker.opentrackr.org%3A1337%2Fannounce&amp;tr=udp%3A%2F%2Ftracker.coppersurfer.tk%3A6969%2Fannounce&amp;tr=udp%3A%2F%2Ftracker.leechers-paradise.org%3A6969%2Fannounce",
        "seeds": "23",
        "shortTitle": "Tokyo-Hot n1289",
        "size": "5.8 GiB",
        "torrentLink": "https://sukebei.nyaa.si/download/2444275.torrent",
        "trailer1080pUrl": "http://my.cdn.tokyo-hot.com/media/samples/n1289.mp4",
        "trailer360pUrl": "http://my.cdn.tokyo-hot.com/media/samples/n1289.mp4",
        "trailer480pUrl": "http://my.cdn.tokyo-hot.com/media/samples/n1289.mp4",
        "trailer720pUrl": "http://my.cdn.tokyo-hot.com/media/samples/n1289.mp4",
        "uploadDate": "2018-02-28 01:52",
      },
      Object {
        "completedDownloads": "14630",
        "coverUrl": "",
        "idPrefix": "n",
        "idSuffix": "1294",
        "leechs": "8",
        "longTitle": "Tokyo-Hot n1294 東熱激情 串刺しぶち込み特集 part3",
        "magnetLink": "magnet:?xt=urn:btih:X64WEAVEIQ5QYMMAQEM7JOEL7FZ7NM27&amp;dn=Tokyo-Hot+n1294+%E6%9D%B1%E7%86%B1%E6%BF%80%E6%83%85+%E4%B8%B2%E5%88%BA%E3%81%97%E3%81%B6%E3%81%A1%E8%BE%BC%E3%81%BF%E7%89%B9%E9%9B%86+part3&amp;tr=http%3A%2F%2Fsukebei.tracker.wf%3A8888%2Fannounce&amp;tr=udp%3A%2F%2Fopen.stealth.si%3A80%2Fannounce&amp;tr=udp%3A%2F%2Ftracker.opentrackr.org%3A1337%2Fannounce&amp;tr=udp%3A%2F%2Ftracker.coppersurfer.tk%3A6969%2Fannounce&amp;tr=udp%3A%2F%2Ftracker.leechers-paradise.org%3A6969%2Fannounce",
        "seeds": "19",
        "shortTitle": "Tokyo-Hot n1294",
        "size": "1.9 GiB",
        "torrentLink": "https://sukebei.nyaa.si/download/2456114.torrent",
        "trailer1080pUrl": "http://my.cdn.tokyo-hot.com/media/samples/n1294.mp4",
        "trailer360pUrl": "http://my.cdn.tokyo-hot.com/media/samples/n1294.mp4",
        "trailer480pUrl": "http://my.cdn.tokyo-hot.com/media/samples/n1294.mp4",
        "trailer720pUrl": "http://my.cdn.tokyo-hot.com/media/samples/n1294.mp4",
        "uploadDate": "2018-03-21 15:36",
      },
      Object {
        "completedDownloads": "9674",
        "coverUrl": "",
        "idPrefix": "n",
        "idSuffix": "1285",
        "leechs": "10",
        "longTitle": "Tokyo-Hot n1285 東熱激情 ガチ縛り！緊縛懺悔鬼責姦特集 part1",
        "magnetLink": "magnet:?xt=urn:btih:EJAHT4EOTTLSGKQIARCMWKG6OA6HSKY5&amp;dn=Tokyo-Hot+n1285+%E6%9D%B1%E7%86%B1%E6%BF%80%E6%83%85+%E3%82%AC%E3%83%81%E7%B8%9B%E3%82%8A%EF%BC%81%E7%B7%8A%E7%B8%9B%E6%87%BA%E6%82%94%E9%AC%BC%E8%B2%AC%E5%A7%A6%E7%89%B9%E9%9B%86+part1&amp;tr=http%3A%2F%2Fsukebei.tracker.wf%3A8888%2Fannounce&amp;tr=udp%3A%2F%2Fopen.stealth.si%3A80%2Fannounce&amp;tr=udp%3A%2F%2Ftracker.opentrackr.org%3A1337%2Fannounce&amp;tr=udp%3A%2F%2Ftracker.coppersurfer.tk%3A6969%2Fannounce&amp;tr=udp%3A%2F%2Ftracker.leechers-paradise.org%3A6969%2Fannounce",
        "seeds": "19",
        "shortTitle": "Tokyo-Hot n1285",
        "size": "2.6 GiB",
        "torrentLink": "https://sukebei.nyaa.si/download/2437313.torrent",
        "trailer1080pUrl": "http://my.cdn.tokyo-hot.com/media/samples/n1285.mp4",
        "trailer360pUrl": "http://my.cdn.tokyo-hot.com/media/samples/n1285.mp4",
        "trailer480pUrl": "http://my.cdn.tokyo-hot.com/media/samples/n1285.mp4",
        "trailer720pUrl": "http://my.cdn.tokyo-hot.com/media/samples/n1285.mp4",
        "uploadDate": "2018-02-13 19:32",
      },
      Object {
        "completedDownloads": "6575",
        "coverUrl": "",
        "idPrefix": "n",
        "idSuffix": "1296",
        "leechs": "6",
        "longTitle": "Tokyo-Hot n1296 東熱激情 豪快スプラッシュ潮吹き 特集 part2",
        "magnetLink": "magnet:?xt=urn:btih:OWSIXMDIKMWV7JK5SNVIHSQRPX2ATT2T&amp;dn=Tokyo-Hot+n1296+%E6%9D%B1%E7%86%B1%E6%BF%80%E6%83%85+%E8%B1%AA%E5%BF%AB%E3%82%B9%E3%83%97%E3%83%A9%E3%83%83%E3%82%B7%E3%83%A5%E6%BD%AE%E5%90%B9%E3%81%8D+%E7%89%B9%E9%9B%86+part2&amp;tr=http%3A%2F%2Fsukebei.tracker.wf%3A8888%2Fannounce&amp;tr=udp%3A%2F%2Fopen.stealth.si%3A80%2Fannounce&amp;tr=udp%3A%2F%2Ftracker.opentrackr.org%3A1337%2Fannounce&amp;tr=udp%3A%2F%2Ftracker.coppersurfer.tk%3A6969%2Fannounce&amp;tr=udp%3A%2F%2Ftracker.leechers-paradise.org%3A6969%2Fannounce",
        "seeds": "18",
        "shortTitle": "Tokyo-Hot n1296",
        "size": "700.7 MiB",
        "torrentLink": "https://sukebei.nyaa.si/download/2464656.torrent",
        "trailer1080pUrl": "http://my.cdn.tokyo-hot.com/media/samples/n1296.mp4",
        "trailer360pUrl": "http://my.cdn.tokyo-hot.com/media/samples/n1296.mp4",
        "trailer480pUrl": "http://my.cdn.tokyo-hot.com/media/samples/n1296.mp4",
        "trailer720pUrl": "http://my.cdn.tokyo-hot.com/media/samples/n1296.mp4",
        "uploadDate": "2018-04-05 17:51",
      },
      Object {
        "completedDownloads": "284",
        "coverUrl": "",
        "idPrefix": "n",
        "idSuffix": "0671",
        "leechs": "44",
        "longTitle": "東京熱Tokyo-Hot n0671 小嶋優子 長身モデル系業界性玩具",
        "magnetLink": "magnet:?xt=urn:btih:ZHFGJI4QLBNPZV4HJVBZ7HWG3JO7CNW3&amp;dn=%E6%9D%B1%E4%BA%AC%E7%86%B1Tokyo-Hot+n0671+%E5%B0%8F%E5%B6%8B%E5%84%AA%E5%AD%90+%E9%95%B7%E8%BA%AB%E3%83%A2%E3%83%87%E3%83%AB%E7%B3%BB%E6%A5%AD%E7%95%8C%E6%80%A7%E7%8E%A9%E5%85%B7&amp;tr=http%3A%2F%2Fsukebei.tracker.wf%3A8888%2Fannounce&amp;tr=udp%3A%2F%2Fopen.stealth.si%3A80%2Fannounce&amp;tr=udp%3A%2F%2Ftracker.opentrackr.org%3A1337%2Fannounce&amp;tr=udp%3A%2F%2Ftracker.coppersurfer.tk%3A6969%2Fannounce&amp;tr=udp%3A%2F%2Ftracker.leechers-paradise.org%3A6969%2Fannounce",
        "seeds": "17",
        "shortTitle": "Tokyo-Hot n0671",
        "size": "3.0 GiB",
        "torrentLink": "https://sukebei.nyaa.si/download/2481778.torrent",
        "trailer1080pUrl": "http://my.cdn.tokyo-hot.com/media/samples/n0671.mp4",
        "trailer360pUrl": "http://my.cdn.tokyo-hot.com/media/samples/n0671.mp4",
        "trailer480pUrl": "http://my.cdn.tokyo-hot.com/media/samples/n0671.mp4",
        "trailer720pUrl": "http://my.cdn.tokyo-hot.com/media/samples/n0671.mp4",
        "uploadDate": "2018-05-09 23:37",
      },
      Object {
        "completedDownloads": "564",
        "coverUrl": "",
        "idPrefix": "n",
        "idSuffix": "0674",
        "leechs": "42",
        "longTitle": "東京熱Tokyo-Hot n0674 星崎アンリ無限東熱汁死",
        "magnetLink": "magnet:?xt=urn:btih:GUFQ5YON5EWW5E4TNOE7SHM4AWRQHOGW&amp;dn=%E6%9D%B1%E4%BA%AC%E7%86%B1Tokyo-Hot+n0674+%E6%98%9F%E5%B4%8E%E3%82%A2%E3%83%B3%E3%83%AA%E7%84%A1%E9%99%90%E6%9D%B1%E7%86%B1%E6%B1%81%E6%AD%BB&amp;tr=http%3A%2F%2Fsukebei.tracker.wf%3A8888%2Fannounce&amp;tr=udp%3A%2F%2Fopen.stealth.si%3A80%2Fannounce&amp;tr=udp%3A%2F%2Ftracker.opentrackr.org%3A1337%2Fannounce&amp;tr=udp%3A%2F%2Ftracker.coppersurfer.tk%3A6969%2Fannounce&amp;tr=udp%3A%2F%2Ftracker.leechers-paradise.org%3A6969%2Fannounce",
        "seeds": "16",
        "shortTitle": "Tokyo-Hot n0674",
        "size": "2.8 GiB",
        "torrentLink": "https://sukebei.nyaa.si/download/2480592.torrent",
        "trailer1080pUrl": "http://my.cdn.tokyo-hot.com/media/samples/n0674.mp4",
        "trailer360pUrl": "http://my.cdn.tokyo-hot.com/media/samples/n0674.mp4",
        "trailer480pUrl": "http://my.cdn.tokyo-hot.com/media/samples/n0674.mp4",
        "trailer720pUrl": "http://my.cdn.tokyo-hot.com/media/samples/n0674.mp4",
        "uploadDate": "2018-05-07 23:57",
      },
      Object {
        "completedDownloads": "9241",
        "coverUrl": "",
        "idPrefix": "n",
        "idSuffix": "1291",
        "leechs": "9",
        "longTitle": "Tokyo-Hot n1291 東熱激情 恥さらし ぶっかけ特集 part4",
        "magnetLink": "magnet:?xt=urn:btih:F5GENSJXET7NUGWEP44ZAZ6GPXPQUQMT&amp;dn=Tokyo-Hot+n1291+%E6%9D%B1%E7%86%B1%E6%BF%80%E6%83%85+%E6%81%A5%E3%81%95%E3%82%89%E3%81%97+%E3%81%B6%E3%81%A3%E3%81%8B%E3%81%91%E7%89%B9%E9%9B%86+part4&amp;tr=http%3A%2F%2Fsukebei.tracker.wf%3A8888%2Fannounce&amp;tr=udp%3A%2F%2Fopen.stealth.si%3A80%2Fannounce&amp;tr=udp%3A%2F%2Ftracker.opentrackr.org%3A1337%2Fannounce&amp;tr=udp%3A%2F%2Ftracker.coppersurfer.tk%3A6969%2Fannounce&amp;tr=udp%3A%2F%2Ftracker.leechers-paradise.org%3A6969%2Fannounce",
        "seeds": "15",
        "shortTitle": "Tokyo-Hot n1291",
        "size": "1.7 GiB",
        "torrentLink": "https://sukebei.nyaa.si/download/2447591.torrent",
        "trailer1080pUrl": "http://my.cdn.tokyo-hot.com/media/samples/n1291.mp4",
        "trailer360pUrl": "http://my.cdn.tokyo-hot.com/media/samples/n1291.mp4",
        "trailer480pUrl": "http://my.cdn.tokyo-hot.com/media/samples/n1291.mp4",
        "trailer720pUrl": "http://my.cdn.tokyo-hot.com/media/samples/n1291.mp4",
        "uploadDate": "2018-03-07 01:27",
      },
      Object {
        "completedDownloads": "265",
        "coverUrl": "",
        "idPrefix": "n",
        "idSuffix": "0668",
        "leechs": "56",
        "longTitle": "東京熱Tokyo-Hot n0668 上坂あゆ 新人女子アナ生姦実況汁",
        "magnetLink": "magnet:?xt=urn:btih:436WT25UJT53SZZYQ3FRZ5GVPIK7VCKU&amp;dn=%E6%9D%B1%E4%BA%AC%E7%86%B1Tokyo-Hot+n0668+%E4%B8%8A%E5%9D%82%E3%81%82%E3%82%86+%E6%96%B0%E4%BA%BA%E5%A5%B3%E5%AD%90%E3%82%A2%E3%83%8A%E7%94%9F%E5%A7%A6%E5%AE%9F%E6%B3%81%E6%B1%81&amp;tr=http%3A%2F%2Fsukebei.tracker.wf%3A8888%2Fannounce&amp;tr=udp%3A%2F%2Fopen.stealth.si%3A80%2Fannounce&amp;tr=udp%3A%2F%2Ftracker.opentrackr.org%3A1337%2Fannounce&amp;tr=udp%3A%2F%2Ftracker.coppersurfer.tk%3A6969%2Fannounce&amp;tr=udp%3A%2F%2Ftracker.leechers-paradise.org%3A6969%2Fannounce",
        "seeds": "15",
        "shortTitle": "Tokyo-Hot n0668",
        "size": "3.0 GiB",
        "torrentLink": "https://sukebei.nyaa.si/download/2482264.torrent",
        "trailer1080pUrl": "http://my.cdn.tokyo-hot.com/media/samples/n0668.mp4",
        "trailer360pUrl": "http://my.cdn.tokyo-hot.com/media/samples/n0668.mp4",
        "trailer480pUrl": "http://my.cdn.tokyo-hot.com/media/samples/n0668.mp4",
        "trailer720pUrl": "http://my.cdn.tokyo-hot.com/media/samples/n0668.mp4",
        "uploadDate": "2018-05-10 23:26",
      },
      Object {
        "completedDownloads": "7520",
        "coverUrl": "",
        "idPrefix": "n",
        "idSuffix": "1290",
        "leechs": "4",
        "longTitle": "Tokyo-Hot n1290 東熱激情 雄汁流し込み特集 part3",
        "magnetLink": "magnet:?xt=urn:btih:EXHHVEEKUXXRPUONSGJPDMYFYYIZXFTX&amp;dn=Tokyo-Hot+n1290+%E6%9D%B1%E7%86%B1%E6%BF%80%E6%83%85+%E9%9B%84%E6%B1%81%E6%B5%81%E3%81%97%E8%BE%BC%E3%81%BF%E7%89%B9%E9%9B%86+part3&amp;tr=http%3A%2F%2Fsukebei.tracker.wf%3A8888%2Fannounce&amp;tr=udp%3A%2F%2Fopen.stealth.si%3A80%2Fannounce&amp;tr=udp%3A%2F%2Ftracker.opentrackr.org%3A1337%2Fannounce&amp;tr=udp%3A%2F%2Ftracker.coppersurfer.tk%3A6969%2Fannounce&amp;tr=udp%3A%2F%2Ftracker.leechers-paradise.org%3A6969%2Fannounce",
        "seeds": "14",
        "shortTitle": "Tokyo-Hot n1290",
        "size": "1.9 GiB",
        "torrentLink": "https://sukebei.nyaa.si/download/2447590.torrent",
        "trailer1080pUrl": "http://my.cdn.tokyo-hot.com/media/samples/n1290.mp4",
        "trailer360pUrl": "http://my.cdn.tokyo-hot.com/media/samples/n1290.mp4",
        "trailer480pUrl": "http://my.cdn.tokyo-hot.com/media/samples/n1290.mp4",
        "trailer720pUrl": "http://my.cdn.tokyo-hot.com/media/samples/n1290.mp4",
        "uploadDate": "2018-03-07 01:27",
      },
      Object {
        "completedDownloads": "8666",
        "coverUrl": "",
        "idPrefix": "n",
        "idSuffix": "1293",
        "leechs": "5",
        "longTitle": "Tokyo-Hot n1293 東熱激情 屈辱羞恥クスコ 特集 part4",
        "magnetLink": "magnet:?xt=urn:btih:TVUCNO74P3O75UFVTXK3ORDA22YBXR2W&amp;dn=Tokyo-Hot+n1293+%E6%9D%B1%E7%86%B1%E6%BF%80%E6%83%85+%E5%B1%88%E8%BE%B1%E7%BE%9E%E6%81%A5%E3%82%AF%E3%82%B9%E3%82%B3+%E7%89%B9%E9%9B%86+part4&amp;tr=http%3A%2F%2Fsukebei.tracker.wf%3A8888%2Fannounce&amp;tr=udp%3A%2F%2Fopen.stealth.si%3A80%2Fannounce&amp;tr=udp%3A%2F%2Ftracker.opentrackr.org%3A1337%2Fannounce&amp;tr=udp%3A%2F%2Ftracker.coppersurfer.tk%3A6969%2Fannounce&amp;tr=udp%3A%2F%2Ftracker.leechers-paradise.org%3A6969%2Fannounce",
        "seeds": "14",
        "shortTitle": "Tokyo-Hot n1293",
        "size": "1.1 GiB",
        "torrentLink": "https://sukebei.nyaa.si/download/2456115.torrent",
        "trailer1080pUrl": "http://my.cdn.tokyo-hot.com/media/samples/n1293.mp4",
        "trailer360pUrl": "http://my.cdn.tokyo-hot.com/media/samples/n1293.mp4",
        "trailer480pUrl": "http://my.cdn.tokyo-hot.com/media/samples/n1293.mp4",
        "trailer720pUrl": "http://my.cdn.tokyo-hot.com/media/samples/n1293.mp4",
        "uploadDate": "2018-03-21 15:38",
      },
      Object {
        "completedDownloads": "306",
        "coverUrl": "",
        "idPrefix": "n",
        "idSuffix": "0673",
        "leechs": "32",
        "longTitle": "東京熱Tokyo-Hot n0673 亜佐倉みんと東熱膣射葬",
        "magnetLink": "magnet:?xt=urn:btih:IEYF3P3JEXCTFNGGA3QDGFZPYA7KD7TQ&amp;dn=%E6%9D%B1%E4%BA%AC%E7%86%B1Tokyo-Hot+n0673+%E4%BA%9C%E4%BD%90%E5%80%89%E3%81%BF%E3%82%93%E3%81%A8%E6%9D%B1%E7%86%B1%E8%86%A3%E5%B0%84%E8%91%AC&amp;tr=http%3A%2F%2Fsukebei.tracker.wf%3A8888%2Fannounce&amp;tr=udp%3A%2F%2Fopen.stealth.si%3A80%2Fannounce&amp;tr=udp%3A%2F%2Ftracker.opentrackr.org%3A1337%2Fannounce&amp;tr=udp%3A%2F%2Ftracker.coppersurfer.tk%3A6969%2Fannounce&amp;tr=udp%3A%2F%2Ftracker.leechers-paradise.org%3A6969%2Fannounce",
        "seeds": "14",
        "shortTitle": "Tokyo-Hot n0673",
        "size": "3.0 GiB",
        "torrentLink": "https://sukebei.nyaa.si/download/2481192.torrent",
        "trailer1080pUrl": "http://my.cdn.tokyo-hot.com/media/samples/n0673.mp4",
        "trailer360pUrl": "http://my.cdn.tokyo-hot.com/media/samples/n0673.mp4",
        "trailer480pUrl": "http://my.cdn.tokyo-hot.com/media/samples/n0673.mp4",
        "trailer720pUrl": "http://my.cdn.tokyo-hot.com/media/samples/n0673.mp4",
        "uploadDate": "2018-05-08 23:03",
      },
      Object {
        "completedDownloads": "10753",
        "coverUrl": "",
        "idPrefix": "n",
        "idSuffix": "1284",
        "leechs": "4",
        "longTitle": "Tokyo-Hot n1284 東熱激情 大好物！美乳＆エロ乳特集 part1",
        "magnetLink": "magnet:?xt=urn:btih:TDTYTSTW64LCKGJHGVKB5CW5N2M5DFLG&amp;dn=Tokyo-Hot+n1284+%E6%9D%B1%E7%86%B1%E6%BF%80%E6%83%85+%E5%A4%A7%E5%A5%BD%E7%89%A9%EF%BC%81%E7%BE%8E%E4%B9%B3%EF%BC%86%E3%82%A8%E3%83%AD%E4%B9%B3%E7%89%B9%E9%9B%86+part1&amp;tr=http%3A%2F%2Fsukebei.tracker.wf%3A8888%2Fannounce&amp;tr=udp%3A%2F%2Fopen.stealth.si%3A80%2Fannounce&amp;tr=udp%3A%2F%2Ftracker.opentrackr.org%3A1337%2Fannounce&amp;tr=udp%3A%2F%2Ftracker.coppersurfer.tk%3A6969%2Fannounce&amp;tr=udp%3A%2F%2Ftracker.leechers-paradise.org%3A6969%2Fannounce",
        "seeds": "13",
        "shortTitle": "Tokyo-Hot n1284",
        "size": "2.0 GiB",
        "torrentLink": "https://sukebei.nyaa.si/download/2433556.torrent",
        "trailer1080pUrl": "http://my.cdn.tokyo-hot.com/media/samples/n1284.mp4",
        "trailer360pUrl": "http://my.cdn.tokyo-hot.com/media/samples/n1284.mp4",
        "trailer480pUrl": "http://my.cdn.tokyo-hot.com/media/samples/n1284.mp4",
        "trailer720pUrl": "http://my.cdn.tokyo-hot.com/media/samples/n1284.mp4",
        "uploadDate": "2018-02-06 22:17",
      },
      Object {
        "completedDownloads": "16610",
        "coverUrl": "",
        "idPrefix": "n",
        "idSuffix": "1287",
        "leechs": "13",
        "longTitle": "Tokyo-Hot n1287 大乱交SP2006 ディレクターズカット版【前編】",
        "magnetLink": "magnet:?xt=urn:btih:UAHYQMTNJA42HOT3UTIMRPU4AKYZI3XN&amp;dn=Tokyo-Hot+n1287+%E5%A4%A7%E4%B9%B1%E4%BA%A4SP2006+%E3%83%87%E3%82%A3%E3%83%AC%E3%82%AF%E3%82%BF%E3%83%BC%E3%82%BA%E3%82%AB%E3%83%83%E3%83%88%E7%89%88%E3%80%90%E5%89%8D%E7%B7%A8%E3%80%91&amp;tr=http%3A%2F%2Fsukebei.tracker.wf%3A8888%2Fannounce&amp;tr=udp%3A%2F%2Fopen.stealth.si%3A80%2Fannounce&amp;tr=udp%3A%2F%2Ftracker.opentrackr.org%3A1337%2Fannounce&amp;tr=udp%3A%2F%2Ftracker.coppersurfer.tk%3A6969%2Fannounce&amp;tr=udp%3A%2F%2Ftracker.leechers-paradise.org%3A6969%2Fannounce",
        "seeds": "13",
        "shortTitle": "Tokyo-Hot n1287",
        "size": "4.8 GiB",
        "torrentLink": "https://sukebei.nyaa.si/download/2440477.torrent",
        "trailer1080pUrl": "http://my.cdn.tokyo-hot.com/media/samples/n1287.mp4",
        "trailer360pUrl": "http://my.cdn.tokyo-hot.com/media/samples/n1287.mp4",
        "trailer480pUrl": "http://my.cdn.tokyo-hot.com/media/samples/n1287.mp4",
        "trailer720pUrl": "http://my.cdn.tokyo-hot.com/media/samples/n1287.mp4",
        "uploadDate": "2018-02-20 21:58",
      },
      Object {
        "completedDownloads": "299",
        "coverUrl": "",
        "idPrefix": "n",
        "idSuffix": "1302",
        "leechs": "31",
        "longTitle": "Tokyo-Hot n1302-n130 東熱激情 暗黒目隠しプレイ特集 part1-part4",
        "magnetLink": "magnet:?xt=urn:btih:XOIYRFYGXCDL5B55JLWSL3LQZB3TSV3E&amp;dn=Tokyo-Hot+n1302-n130+%E6%9D%B1%E7%86%B1%E6%BF%80%E6%83%85+%E6%9A%97%E9%BB%92%E7%9B%AE%E9%9A%A0%E3%81%97%E3%83%97%E3%83%AC%E3%82%A4%E7%89%B9%E9%9B%86+part1-part4&amp;tr=http%3A%2F%2Fsukebei.tracker.wf%3A8888%2Fannounce&amp;tr=udp%3A%2F%2Fopen.stealth.si%3A80%2Fannounce&amp;tr=udp%3A%2F%2Ftracker.opentrackr.org%3A1337%2Fannounce&amp;tr=udp%3A%2F%2Ftracker.coppersurfer.tk%3A6969%2Fannounce&amp;tr=udp%3A%2F%2Ftracker.leechers-paradise.org%3A6969%2Fannounce",
        "seeds": "13",
        "shortTitle": "Tokyo-Hot n1302",
        "size": "3.0 GiB",
        "torrentLink": "https://sukebei.nyaa.si/download/2479561.torrent",
        "trailer1080pUrl": "http://my.cdn.tokyo-hot.com/media/samples/n1302.mp4",
        "trailer360pUrl": "http://my.cdn.tokyo-hot.com/media/samples/n1302.mp4",
        "trailer480pUrl": "http://my.cdn.tokyo-hot.com/media/samples/n1302.mp4",
        "trailer720pUrl": "http://my.cdn.tokyo-hot.com/media/samples/n1302.mp4",
        "uploadDate": "2018-05-05 23:03",
      },
      Object {
        "completedDownloads": "17073",
        "coverUrl": "",
        "idPrefix": "n",
        "idSuffix": "1280",
        "leechs": "6",
        "longTitle": "Tokyo-Hot n1280 東熱激情 串刺しぶち込み特集 part2",
        "magnetLink": "magnet:?xt=urn:btih:EVFM22YXFJHBRPTHDWAUR6YJPUCXOEA7&amp;dn=Tokyo-Hot+n1280+%E6%9D%B1%E7%86%B1%E6%BF%80%E6%83%85+%E4%B8%B2%E5%88%BA%E3%81%97%E3%81%B6%E3%81%A1%E8%BE%BC%E3%81%BF%E7%89%B9%E9%9B%86+part2&amp;tr=http%3A%2F%2Fsukebei.tracker.wf%3A8888%2Fannounce&amp;tr=udp%3A%2F%2Fopen.stealth.si%3A80%2Fannounce&amp;tr=udp%3A%2F%2Ftracker.opentrackr.org%3A1337%2Fannounce&amp;tr=udp%3A%2F%2Ftracker.coppersurfer.tk%3A6969%2Fannounce&amp;tr=udp%3A%2F%2Ftracker.leechers-paradise.org%3A6969%2Fannounce",
        "seeds": "12",
        "shortTitle": "Tokyo-Hot n1280",
        "size": "1.6 GiB",
        "torrentLink": "https://sukebei.nyaa.si/download/2422660.torrent",
        "trailer1080pUrl": "http://my.cdn.tokyo-hot.com/media/samples/n1280.mp4",
        "trailer360pUrl": "http://my.cdn.tokyo-hot.com/media/samples/n1280.mp4",
        "trailer480pUrl": "http://my.cdn.tokyo-hot.com/media/samples/n1280.mp4",
        "trailer720pUrl": "http://my.cdn.tokyo-hot.com/media/samples/n1280.mp4",
        "uploadDate": "2018-01-16 22:32",
      },
      Object {
        "completedDownloads": "467",
        "coverUrl": "",
        "idPrefix": "n",
        "idSuffix": "0675",
        "leechs": "29",
        "longTitle": "東京熱Tokyo-Hot n0675 美咲結衣アナル2本挿壊滅姦",
        "magnetLink": "magnet:?xt=urn:btih:VPQG7V34OQGVQO2RMYE2LBPURA4MHUSR&amp;dn=%E6%9D%B1%E4%BA%AC%E7%86%B1Tokyo-Hot+n0675+%E7%BE%8E%E5%92%B2%E7%B5%90%E8%A1%A3%E3%82%A2%E3%83%8A%E3%83%AB2%E6%9C%AC%E6%8C%BF%E5%A3%8A%E6%BB%85%E5%A7%A6&amp;tr=http%3A%2F%2Fsukebei.tracker.wf%3A8888%2Fannounce&amp;tr=udp%3A%2F%2Fopen.stealth.si%3A80%2Fannounce&amp;tr=udp%3A%2F%2Ftracker.opentrackr.org%3A1337%2Fannounce&amp;tr=udp%3A%2F%2Ftracker.coppersurfer.tk%3A6969%2Fannounce&amp;tr=udp%3A%2F%2Ftracker.leechers-paradise.org%3A6969%2Fannounce",
        "seeds": "12",
        "shortTitle": "Tokyo-Hot n0675",
        "size": "2.9 GiB",
        "torrentLink": "https://sukebei.nyaa.si/download/2479560.torrent",
        "trailer1080pUrl": "http://my.cdn.tokyo-hot.com/media/samples/n0675.mp4",
        "trailer360pUrl": "http://my.cdn.tokyo-hot.com/media/samples/n0675.mp4",
        "trailer480pUrl": "http://my.cdn.tokyo-hot.com/media/samples/n0675.mp4",
        "trailer720pUrl": "http://my.cdn.tokyo-hot.com/media/samples/n0675.mp4",
        "uploadDate": "2018-05-05 23:02",
      },
      Object {
        "completedDownloads": "24906",
        "coverUrl": "",
        "idPrefix": "n",
        "idSuffix": "1257",
        "leechs": "1",
        "longTitle": "Tokyo-Hot n1257 東熱激情 アナル姦特集 part1",
        "magnetLink": "magnet:?xt=urn:btih:QVXOMYZGWMOZBW6YVVG5RCTFIYII5ZIR&amp;dn=Tokyo-Hot+n1257+%E6%9D%B1%E7%86%B1%E6%BF%80%E6%83%85+%E3%82%A2%E3%83%8A%E3%83%AB%E5%A7%A6%E7%89%B9%E9%9B%86+part1&amp;tr=http%3A%2F%2Fsukebei.tracker.wf%3A8888%2Fannounce&amp;tr=udp%3A%2F%2Fopen.stealth.si%3A80%2Fannounce&amp;tr=udp%3A%2F%2Ftracker.opentrackr.org%3A1337%2Fannounce&amp;tr=udp%3A%2F%2Ftracker.coppersurfer.tk%3A6969%2Fannounce&amp;tr=udp%3A%2F%2Ftracker.leechers-paradise.org%3A6969%2Fannounce",
        "seeds": "12",
        "shortTitle": "Tokyo-Hot n1257",
        "size": "1.6 GiB",
        "torrentLink": "https://sukebei.nyaa.si/download/2362098.torrent",
        "trailer1080pUrl": "http://my.cdn.tokyo-hot.com/media/samples/n1257.mp4",
        "trailer360pUrl": "http://my.cdn.tokyo-hot.com/media/samples/n1257.mp4",
        "trailer480pUrl": "http://my.cdn.tokyo-hot.com/media/samples/n1257.mp4",
        "trailer720pUrl": "http://my.cdn.tokyo-hot.com/media/samples/n1257.mp4",
        "uploadDate": "2017-10-03 18:25",
      },
      Object {
        "completedDownloads": "315",
        "coverUrl": "",
        "idPrefix": "n",
        "idSuffix": "1301",
        "leechs": "23",
        "longTitle": "Tokyo-Hot n1301 東熱激情 RQ＆キャンギャル特集 part2",
        "magnetLink": "magnet:?xt=urn:btih:MYUVO3X32XWOU7ZH23MYD3FJFHJCJQWI&amp;dn=Tokyo-Hot+n1301+%E6%9D%B1%E7%86%B1%E6%BF%80%E6%83%85+RQ%EF%BC%86%E3%82%AD%E3%83%A3%E3%83%B3%E3%82%AE%E3%83%A3%E3%83%AB%E7%89%B9%E9%9B%86+part2&amp;tr=http%3A%2F%2Fsukebei.tracker.wf%3A8888%2Fannounce&amp;tr=udp%3A%2F%2Fopen.stealth.si%3A80%2Fannounce&amp;tr=udp%3A%2F%2Ftracker.opentrackr.org%3A1337%2Fannounce&amp;tr=udp%3A%2F%2Ftracker.coppersurfer.tk%3A6969%2Fannounce&amp;tr=udp%3A%2F%2Ftracker.leechers-paradise.org%3A6969%2Fannounce",
        "seeds": "12",
        "shortTitle": "Tokyo-Hot n1301",
        "size": "2.0 GiB",
        "torrentLink": "https://sukebei.nyaa.si/download/2475987.torrent",
        "trailer1080pUrl": "http://my.cdn.tokyo-hot.com/media/samples/n1301.mp4",
        "trailer360pUrl": "http://my.cdn.tokyo-hot.com/media/samples/n1301.mp4",
        "trailer480pUrl": "http://my.cdn.tokyo-hot.com/media/samples/n1301.mp4",
        "trailer720pUrl": "http://my.cdn.tokyo-hot.com/media/samples/n1301.mp4",
        "uploadDate": "2018-04-29 01:10",
      },
      Object {
        "completedDownloads": "9947",
        "coverUrl": "",
        "idPrefix": "n",
        "idSuffix": "1271",
        "leechs": "1",
        "longTitle": "Tokyo-Hot n1271 東熱激情 ごっくんミルク飲み娘 特集 part2",
        "magnetLink": "magnet:?xt=urn:btih:IFQ4METZLMBXQQMPGIXVWWGRPCKJI4DL&amp;dn=Tokyo-Hot+n1271+%E6%9D%B1%E7%86%B1%E6%BF%80%E6%83%85+%E3%81%94%E3%81%A3%E3%81%8F%E3%82%93%E3%83%9F%E3%83%AB%E3%82%AF%E9%A3%B2%E3%81%BF%E5%A8%98+%E7%89%B9%E9%9B%86+part2&amp;tr=http%3A%2F%2Fsukebei.tracker.wf%3A8888%2Fannounce&amp;tr=udp%3A%2F%2Fopen.stealth.si%3A80%2Fannounce&amp;tr=udp%3A%2F%2Ftracker.opentrackr.org%3A1337%2Fannounce&amp;tr=udp%3A%2F%2Ftracker.coppersurfer.tk%3A6969%2Fannounce&amp;tr=udp%3A%2F%2Ftracker.leechers-paradise.org%3A6969%2Fannounce",
        "seeds": "11",
        "shortTitle": "Tokyo-Hot n1271",
        "size": "2.4 GiB",
        "torrentLink": "https://sukebei.nyaa.si/download/2398990.torrent",
        "trailer1080pUrl": "http://my.cdn.tokyo-hot.com/media/samples/n1271.mp4",
        "trailer360pUrl": "http://my.cdn.tokyo-hot.com/media/samples/n1271.mp4",
        "trailer480pUrl": "http://my.cdn.tokyo-hot.com/media/samples/n1271.mp4",
        "trailer720pUrl": "http://my.cdn.tokyo-hot.com/media/samples/n1271.mp4",
        "uploadDate": "2017-12-06 01:13",
      },
      Object {
        "completedDownloads": "8329",
        "coverUrl": "",
        "idPrefix": "n",
        "idSuffix": "1270",
        "leechs": "1",
        "longTitle": "Tokyo-Hot n1270 東熱激情 黄金聖水おしっこ特集 part2",
        "magnetLink": "magnet:?xt=urn:btih:4CZCFGD36R3OWUHVDYTEETKNQ2FQKIP4&amp;dn=Tokyo-Hot+n1270+%E6%9D%B1%E7%86%B1%E6%BF%80%E6%83%85+%E9%BB%84%E9%87%91%E8%81%96%E6%B0%B4%E3%81%8A%E3%81%97%E3%81%A3%E3%81%93%E7%89%B9%E9%9B%86+part2&amp;tr=http%3A%2F%2Fsukebei.tracker.wf%3A8888%2Fannounce&amp;tr=udp%3A%2F%2Fopen.stealth.si%3A80%2Fannounce&amp;tr=udp%3A%2F%2Ftracker.opentrackr.org%3A1337%2Fannounce&amp;tr=udp%3A%2F%2Ftracker.coppersurfer.tk%3A6969%2Fannounce&amp;tr=udp%3A%2F%2Ftracker.leechers-paradise.org%3A6969%2Fannounce",
        "seeds": "11",
        "shortTitle": "Tokyo-Hot n1270",
        "size": "951.0 MiB",
        "torrentLink": "https://sukebei.nyaa.si/download/2398987.torrent",
        "trailer1080pUrl": "http://my.cdn.tokyo-hot.com/media/samples/n1270.mp4",
        "trailer360pUrl": "http://my.cdn.tokyo-hot.com/media/samples/n1270.mp4",
        "trailer480pUrl": "http://my.cdn.tokyo-hot.com/media/samples/n1270.mp4",
        "trailer720pUrl": "http://my.cdn.tokyo-hot.com/media/samples/n1270.mp4",
        "uploadDate": "2017-12-06 01:09",
      },
      Object {
        "completedDownloads": "10700",
        "coverUrl": "",
        "idPrefix": "n",
        "idSuffix": "1282",
        "leechs": "1",
        "longTitle": "Tokyo-Hot n1282 東熱激情 黄金聖水おしっこ特集 part3",
        "magnetLink": "magnet:?xt=urn:btih:7ZCMHO3ZZLA3B7KO7FMDB4HJYFBH6M4I&amp;dn=Tokyo-Hot+n1282+%E6%9D%B1%E7%86%B1%E6%BF%80%E6%83%85+%E9%BB%84%E9%87%91%E8%81%96%E6%B0%B4%E3%81%8A%E3%81%97%E3%81%A3%E3%81%93%E7%89%B9%E9%9B%86+part3&amp;tr=http%3A%2F%2Fsukebei.tracker.wf%3A8888%2Fannounce&amp;tr=udp%3A%2F%2Fopen.stealth.si%3A80%2Fannounce&amp;tr=udp%3A%2F%2Ftracker.opentrackr.org%3A1337%2Fannounce&amp;tr=udp%3A%2F%2Ftracker.coppersurfer.tk%3A6969%2Fannounce&amp;tr=udp%3A%2F%2Ftracker.leechers-paradise.org%3A6969%2Fannounce",
        "seeds": "11",
        "shortTitle": "Tokyo-Hot n1282",
        "size": "547.1 MiB",
        "torrentLink": "https://sukebei.nyaa.si/download/2429740.torrent",
        "trailer1080pUrl": "http://my.cdn.tokyo-hot.com/media/samples/n1282.mp4",
        "trailer360pUrl": "http://my.cdn.tokyo-hot.com/media/samples/n1282.mp4",
        "trailer480pUrl": "http://my.cdn.tokyo-hot.com/media/samples/n1282.mp4",
        "trailer720pUrl": "http://my.cdn.tokyo-hot.com/media/samples/n1282.mp4",
        "uploadDate": "2018-01-30 19:40",
      },
      Object {
        "completedDownloads": "0",
        "coverUrl": "",
        "idPrefix": "n",
        "idSuffix": "1306",
        "leechs": "147",
        "longTitle": "Tokyo-hot n1306 東熱激情 屈辱公開自慰特集 part2",
        "magnetLink": "magnet:?xt=urn:btih:4ZCOZ3YDWIHXLVRCCB4V3XLJ6GNQTMNF&amp;dn=Tokyo-hot+n1306+%E6%9D%B1%E7%86%B1%E6%BF%80%E6%83%85+%E5%B1%88%E8%BE%B1%E5%85%AC%E9%96%8B%E8%87%AA%E6%85%B0%E7%89%B9%E9%9B%86+part2&amp;tr=http%3A%2F%2Fsukebei.tracker.wf%3A8888%2Fannounce&amp;tr=udp%3A%2F%2Fopen.stealth.si%3A80%2Fannounce&amp;tr=udp%3A%2F%2Ftracker.opentrackr.org%3A1337%2Fannounce&amp;tr=udp%3A%2F%2Ftracker.coppersurfer.tk%3A6969%2Fannounce&amp;tr=udp%3A%2F%2Ftracker.leechers-paradise.org%3A6969%2Fannounce",
        "seeds": "11",
        "shortTitle": "Tokyo-hot n1306",
        "size": "3.1 GiB",
        "torrentLink": "https://sukebei.nyaa.si/download/2484774.torrent",
        "trailer1080pUrl": "http://my.cdn.tokyo-hot.com/media/samples/n1306.mp4",
        "trailer360pUrl": "http://my.cdn.tokyo-hot.com/media/samples/n1306.mp4",
        "trailer480pUrl": "http://my.cdn.tokyo-hot.com/media/samples/n1306.mp4",
        "trailer720pUrl": "http://my.cdn.tokyo-hot.com/media/samples/n1306.mp4",
        "uploadDate": "2018-05-15 20:27",
      },
      Object {
        "completedDownloads": "8168",
        "coverUrl": "",
        "idPrefix": "n",
        "idSuffix": "1286",
        "leechs": "7",
        "longTitle": "Tokyo-Hot n1286 東熱激情ごっくんミルク飲み娘特集 part3",
        "magnetLink": "magnet:?xt=urn:btih:VG2P4QMXLJHPECEWZKNZCNKHO6BTTOQ4&amp;dn=Tokyo-Hot+n1286+%E6%9D%B1%E7%86%B1%E6%BF%80%E6%83%85%E3%81%94%E3%81%A3%E3%81%8F%E3%82%93%E3%83%9F%E3%83%AB%E3%82%AF%E9%A3%B2%E3%81%BF%E5%A8%98%E7%89%B9%E9%9B%86+part3&amp;tr=http%3A%2F%2Fsukebei.tracker.wf%3A8888%2Fannounce&amp;tr=udp%3A%2F%2Fopen.stealth.si%3A80%2Fannounce&amp;tr=udp%3A%2F%2Ftracker.opentrackr.org%3A1337%2Fannounce&amp;tr=udp%3A%2F%2Ftracker.coppersurfer.tk%3A6969%2Fannounce&amp;tr=udp%3A%2F%2Ftracker.leechers-paradise.org%3A6969%2Fannounce",
        "seeds": "10",
        "shortTitle": "Tokyo-Hot n1286",
        "size": "1.9 GiB",
        "torrentLink": "https://sukebei.nyaa.si/download/2437844.torrent",
        "trailer1080pUrl": "http://my.cdn.tokyo-hot.com/media/samples/n1286.mp4",
        "trailer360pUrl": "http://my.cdn.tokyo-hot.com/media/samples/n1286.mp4",
        "trailer480pUrl": "http://my.cdn.tokyo-hot.com/media/samples/n1286.mp4",
        "trailer720pUrl": "http://my.cdn.tokyo-hot.com/media/samples/n1286.mp4",
        "uploadDate": "2018-02-14 19:15",
      },
      Object {
        "completedDownloads": "12907",
        "coverUrl": "",
        "idPrefix": "n",
        "idSuffix": "1281",
        "leechs": "7",
        "longTitle": "Tokyo-Hot n1281 東熱激情 イキ地獄女子校生特集 part2",
        "magnetLink": "magnet:?xt=urn:btih:VWNSGNFXAETAEGERPLAVD2BQJUNFNKHQ&amp;dn=Tokyo-Hot+n1281+%E6%9D%B1%E7%86%B1%E6%BF%80%E6%83%85+%E3%82%A4%E3%82%AD%E5%9C%B0%E7%8D%84%E5%A5%B3%E5%AD%90%E6%A0%A1%E7%94%9F%E7%89%B9%E9%9B%86+part2&amp;tr=http%3A%2F%2Fsukebei.tracker.wf%3A8888%2Fannounce&amp;tr=udp%3A%2F%2Fopen.stealth.si%3A80%2Fannounce&amp;tr=udp%3A%2F%2Ftracker.opentrackr.org%3A1337%2Fannounce&amp;tr=udp%3A%2F%2Ftracker.coppersurfer.tk%3A6969%2Fannounce&amp;tr=udp%3A%2F%2Ftracker.leechers-paradise.org%3A6969%2Fannounce",
        "seeds": "10",
        "shortTitle": "Tokyo-Hot n1281",
        "size": "2.2 GiB",
        "torrentLink": "https://sukebei.nyaa.si/download/2426250.torrent",
        "trailer1080pUrl": "http://my.cdn.tokyo-hot.com/media/samples/n1281.mp4",
        "trailer360pUrl": "http://my.cdn.tokyo-hot.com/media/samples/n1281.mp4",
        "trailer480pUrl": "http://my.cdn.tokyo-hot.com/media/samples/n1281.mp4",
        "trailer720pUrl": "http://my.cdn.tokyo-hot.com/media/samples/n1281.mp4",
        "uploadDate": "2018-01-23 21:26",
      },
      Object {
        "completedDownloads": "8994",
        "coverUrl": "",
        "idPrefix": "n",
        "idSuffix": "1269",
        "leechs": "5",
        "longTitle": "Tokyo-Hot n1269 東熱激情 凌辱服従メイド特集 part1",
        "magnetLink": "magnet:?xt=urn:btih:YO3K5HDJKVECQSOFZRPD5BZOJWERX6AY&amp;dn=Tokyo-Hot+n1269+%E6%9D%B1%E7%86%B1%E6%BF%80%E6%83%85+%E5%87%8C%E8%BE%B1%E6%9C%8D%E5%BE%93%E3%83%A1%E3%82%A4%E3%83%89%E7%89%B9%E9%9B%86+part1&amp;tr=http%3A%2F%2Fsukebei.tracker.wf%3A8888%2Fannounce&amp;tr=udp%3A%2F%2Fopen.stealth.si%3A80%2Fannounce&amp;tr=udp%3A%2F%2Ftracker.opentrackr.org%3A1337%2Fannounce&amp;tr=udp%3A%2F%2Ftracker.coppersurfer.tk%3A6969%2Fannounce&amp;tr=udp%3A%2F%2Ftracker.leechers-paradise.org%3A6969%2Fannounce",
        "seeds": "9",
        "shortTitle": "Tokyo-Hot n1269",
        "size": "2.3 GiB",
        "torrentLink": "https://sukebei.nyaa.si/download/2394935.torrent",
        "trailer1080pUrl": "http://my.cdn.tokyo-hot.com/media/samples/n1269.mp4",
        "trailer360pUrl": "http://my.cdn.tokyo-hot.com/media/samples/n1269.mp4",
        "trailer480pUrl": "http://my.cdn.tokyo-hot.com/media/samples/n1269.mp4",
        "trailer720pUrl": "http://my.cdn.tokyo-hot.com/media/samples/n1269.mp4",
        "uploadDate": "2017-11-28 16:13",
      },
      Object {
        "completedDownloads": "397",
        "coverUrl": "",
        "idPrefix": "n",
        "idSuffix": "1304",
        "leechs": "13",
        "longTitle": "Tokyo-hot n1304 東熱激情 凌辱服従メイド特集 part2",
        "magnetLink": "magnet:?xt=urn:btih:4BMNMTLJXA4I4ZOPR5LH54LV2AYF4YKF&amp;dn=Tokyo-hot+n1304+%E6%9D%B1%E7%86%B1%E6%BF%80%E6%83%85+%E5%87%8C%E8%BE%B1%E6%9C%8D%E5%BE%93%E3%83%A1%E3%82%A4%E3%83%89%E7%89%B9%E9%9B%86+part2&amp;tr=http%3A%2F%2Fsukebei.tracker.wf%3A8888%2Fannounce&amp;tr=udp%3A%2F%2Fopen.stealth.si%3A80%2Fannounce&amp;tr=udp%3A%2F%2Ftracker.opentrackr.org%3A1337%2Fannounce&amp;tr=udp%3A%2F%2Ftracker.coppersurfer.tk%3A6969%2Fannounce&amp;tr=udp%3A%2F%2Ftracker.leechers-paradise.org%3A6969%2Fannounce",
        "seeds": "9",
        "shortTitle": "Tokyo-hot n1304",
        "size": "3.2 GiB",
        "torrentLink": "https://sukebei.nyaa.si/download/2480995.torrent",
        "trailer1080pUrl": "http://my.cdn.tokyo-hot.com/media/samples/n1304.mp4",
        "trailer360pUrl": "http://my.cdn.tokyo-hot.com/media/samples/n1304.mp4",
        "trailer480pUrl": "http://my.cdn.tokyo-hot.com/media/samples/n1304.mp4",
        "trailer720pUrl": "http://my.cdn.tokyo-hot.com/media/samples/n1304.mp4",
        "uploadDate": "2018-05-08 17:40",
      },
      Object {
        "completedDownloads": "108",
        "coverUrl": "",
        "idPrefix": "n",
        "idSuffix": "1303",
        "leechs": "4",
        "longTitle": "Tokyo-Hot n1303 東熱激情 黄金聖水おしっこ特集 part4",
        "magnetLink": "magnet:?xt=urn:btih:SOJWBSDKLZAPZOZIOKX5YXQYBJWWY3SQ&amp;dn=Tokyo-Hot+n1303+%E6%9D%B1%E7%86%B1%E6%BF%80%E6%83%85+%E9%BB%84%E9%87%91%E8%81%96%E6%B0%B4%E3%81%8A%E3%81%97%E3%81%A3%E3%81%93%E7%89%B9%E9%9B%86+part4&amp;tr=http%3A%2F%2Fsukebei.tracker.wf%3A8888%2Fannounce&amp;tr=udp%3A%2F%2Fopen.stealth.si%3A80%2Fannounce&amp;tr=udp%3A%2F%2Ftracker.opentrackr.org%3A1337%2Fannounce&amp;tr=udp%3A%2F%2Ftracker.coppersurfer.tk%3A6969%2Fannounce&amp;tr=udp%3A%2F%2Ftracker.leechers-paradise.org%3A6969%2Fannounce",
        "seeds": "9",
        "shortTitle": "Tokyo-Hot n1303",
        "size": "284.8 MiB",
        "torrentLink": "https://sukebei.nyaa.si/download/2481974.torrent",
        "trailer1080pUrl": "http://my.cdn.tokyo-hot.com/media/samples/n1303.mp4",
        "trailer360pUrl": "http://my.cdn.tokyo-hot.com/media/samples/n1303.mp4",
        "trailer480pUrl": "http://my.cdn.tokyo-hot.com/media/samples/n1303.mp4",
        "trailer720pUrl": "http://my.cdn.tokyo-hot.com/media/samples/n1303.mp4",
        "uploadDate": "2018-05-10 14:37",
      },
      Object {
        "completedDownloads": "15458",
        "coverUrl": "",
        "idPrefix": "n",
        "idSuffix": "1278",
        "leechs": "4",
        "longTitle": "Tokyo-Hot n1278 東熱激情 生姦中出美少女 特集 part1",
        "magnetLink": "magnet:?xt=urn:btih:J5PZB6GHOPDJQNA77QPTZX2H222CK3AY&amp;dn=Tokyo-Hot+n1278+%E6%9D%B1%E7%86%B1%E6%BF%80%E6%83%85+%E7%94%9F%E5%A7%A6%E4%B8%AD%E5%87%BA%E7%BE%8E%E5%B0%91%E5%A5%B3+%E7%89%B9%E9%9B%86+part1&amp;tr=http%3A%2F%2Fsukebei.tracker.wf%3A8888%2Fannounce&amp;tr=udp%3A%2F%2Fopen.stealth.si%3A80%2Fannounce&amp;tr=udp%3A%2F%2Ftracker.opentrackr.org%3A1337%2Fannounce&amp;tr=udp%3A%2F%2Ftracker.coppersurfer.tk%3A6969%2Fannounce&amp;tr=udp%3A%2F%2Ftracker.leechers-paradise.org%3A6969%2Fannounce",
        "seeds": "9",
        "shortTitle": "Tokyo-Hot n1278",
        "size": "2.5 GiB",
        "torrentLink": "https://sukebei.nyaa.si/download/2419108.torrent",
        "trailer1080pUrl": "http://my.cdn.tokyo-hot.com/media/samples/n1278.mp4",
        "trailer360pUrl": "http://my.cdn.tokyo-hot.com/media/samples/n1278.mp4",
        "trailer480pUrl": "http://my.cdn.tokyo-hot.com/media/samples/n1278.mp4",
        "trailer720pUrl": "http://my.cdn.tokyo-hot.com/media/samples/n1278.mp4",
        "uploadDate": "2018-01-10 14:41",
      },
      Object {
        "completedDownloads": "0",
        "coverUrl": "",
        "idPrefix": "n",
        "idSuffix": "1305",
        "leechs": "170",
        "longTitle": "Tokyo-hot n1305 東熱激情 密着パンスト24時！特集 part1",
        "magnetLink": "magnet:?xt=urn:btih:S57FXFXBEY644AC672QDDWXVGEELWFGZ&amp;dn=Tokyo-hot+n1305+%E6%9D%B1%E7%86%B1%E6%BF%80%E6%83%85+%E5%AF%86%E7%9D%80%E3%83%91%E3%83%B3%E3%82%B9%E3%83%8824%E6%99%82%EF%BC%81%E7%89%B9%E9%9B%86+part1&amp;tr=http%3A%2F%2Fsukebei.tracker.wf%3A8888%2Fannounce&amp;tr=udp%3A%2F%2Fopen.stealth.si%3A80%2Fannounce&amp;tr=udp%3A%2F%2Ftracker.opentrackr.org%3A1337%2Fannounce&amp;tr=udp%3A%2F%2Ftracker.coppersurfer.tk%3A6969%2Fannounce&amp;tr=udp%3A%2F%2Ftracker.leechers-paradise.org%3A6969%2Fannounce",
        "seeds": "9",
        "shortTitle": "Tokyo-hot n1305",
        "size": "2.7 GiB",
        "torrentLink": "https://sukebei.nyaa.si/download/2484773.torrent",
        "trailer1080pUrl": "http://my.cdn.tokyo-hot.com/media/samples/n1305.mp4",
        "trailer360pUrl": "http://my.cdn.tokyo-hot.com/media/samples/n1305.mp4",
        "trailer480pUrl": "http://my.cdn.tokyo-hot.com/media/samples/n1305.mp4",
        "trailer720pUrl": "http://my.cdn.tokyo-hot.com/media/samples/n1305.mp4",
        "uploadDate": "2018-05-15 20:25",
      },
      Object {
        "completedDownloads": "11498",
        "coverUrl": "",
        "idPrefix": "n",
        "idSuffix": "1283",
        "leechs": "3",
        "longTitle": "Tokyo-Hot n1283 東熱激情 屈辱羞恥クスコ特集 part3",
        "magnetLink": "magnet:?xt=urn:btih:6HI4LOXKEUU4UNW2W5H6U6KMH6LKXNZI&amp;dn=Tokyo-Hot+n1283+%E6%9D%B1%E7%86%B1%E6%BF%80%E6%83%85+%E5%B1%88%E8%BE%B1%E7%BE%9E%E6%81%A5%E3%82%AF%E3%82%B9%E3%82%B3%E7%89%B9%E9%9B%86+part3&amp;tr=http%3A%2F%2Fsukebei.tracker.wf%3A8888%2Fannounce&amp;tr=udp%3A%2F%2Fopen.stealth.si%3A80%2Fannounce&amp;tr=udp%3A%2F%2Ftracker.opentrackr.org%3A1337%2Fannounce&amp;tr=udp%3A%2F%2Ftracker.coppersurfer.tk%3A6969%2Fannounce&amp;tr=udp%3A%2F%2Ftracker.leechers-paradise.org%3A6969%2Fannounce",
        "seeds": "8",
        "shortTitle": "Tokyo-Hot n1283",
        "size": "543.3 MiB",
        "torrentLink": "https://sukebei.nyaa.si/download/2429739.torrent",
        "trailer1080pUrl": "http://my.cdn.tokyo-hot.com/media/samples/n1283.mp4",
        "trailer360pUrl": "http://my.cdn.tokyo-hot.com/media/samples/n1283.mp4",
        "trailer480pUrl": "http://my.cdn.tokyo-hot.com/media/samples/n1283.mp4",
        "trailer720pUrl": "http://my.cdn.tokyo-hot.com/media/samples/n1283.mp4",
        "uploadDate": "2018-01-30 19:39",
      },
      Object {
        "completedDownloads": "11498",
        "coverUrl": "",
        "idPrefix": "n",
        "idSuffix": "1273",
        "leechs": "3",
        "longTitle": "Tokyo-Hot n1273 東熱激情 感激！パイパン美少女特集 part1",
        "magnetLink": "magnet:?xt=urn:btih:LLO4CEZ5TMYR44QOJYJDDFVHBZBKNXJL&amp;dn=Tokyo-Hot+n1273+%E6%9D%B1%E7%86%B1%E6%BF%80%E6%83%85+%E6%84%9F%E6%BF%80%EF%BC%81%E3%83%91%E3%82%A4%E3%83%91%E3%83%B3%E7%BE%8E%E5%B0%91%E5%A5%B3%E7%89%B9%E9%9B%86+part1&amp;tr=http%3A%2F%2Fsukebei.tracker.wf%3A8888%2Fannounce&amp;tr=udp%3A%2F%2Fopen.stealth.si%3A80%2Fannounce&amp;tr=udp%3A%2F%2Ftracker.opentrackr.org%3A1337%2Fannounce&amp;tr=udp%3A%2F%2Ftracker.coppersurfer.tk%3A6969%2Fannounce&amp;tr=udp%3A%2F%2Ftracker.leechers-paradise.org%3A6969%2Fannounce",
        "seeds": "8",
        "shortTitle": "Tokyo-Hot n1273",
        "size": "2.4 GiB",
        "torrentLink": "https://sukebei.nyaa.si/download/2406710.torrent",
        "trailer1080pUrl": "http://my.cdn.tokyo-hot.com/media/samples/n1273.mp4",
        "trailer360pUrl": "http://my.cdn.tokyo-hot.com/media/samples/n1273.mp4",
        "trailer480pUrl": "http://my.cdn.tokyo-hot.com/media/samples/n1273.mp4",
        "trailer720pUrl": "http://my.cdn.tokyo-hot.com/media/samples/n1273.mp4",
        "uploadDate": "2017-12-20 15:47",
      },
      Object {
        "completedDownloads": "498",
        "coverUrl": "",
        "idPrefix": "n",
        "idSuffix": "0659",
        "leechs": "44",
        "longTitle": "東京熱 Tokyo-Hot n0659 一ノ瀬アメリ東熱極膣射",
        "magnetLink": "magnet:?xt=urn:btih:JKGE5UNBBVOZWOVFUFS7QIONW4FRL36R&amp;dn=%E6%9D%B1%E4%BA%AC%E7%86%B1+Tokyo-Hot+n0659+%E4%B8%80%E3%83%8E%E7%80%AC%E3%82%A2%E3%83%A1%E3%83%AA%E6%9D%B1%E7%86%B1%E6%A5%B5%E8%86%A3%E5%B0%84&amp;tr=http%3A%2F%2Fsukebei.tracker.wf%3A8888%2Fannounce&amp;tr=udp%3A%2F%2Fopen.stealth.si%3A80%2Fannounce&amp;tr=udp%3A%2F%2Ftracker.opentrackr.org%3A1337%2Fannounce&amp;tr=udp%3A%2F%2Ftracker.coppersurfer.tk%3A6969%2Fannounce&amp;tr=udp%3A%2F%2Ftracker.leechers-paradise.org%3A6969%2Fannounce",
        "seeds": "8",
        "shortTitle": "Tokyo-Hot n0659",
        "size": "2.8 GiB",
        "torrentLink": "https://sukebei.nyaa.si/download/2477062.torrent",
        "trailer1080pUrl": "http://my.cdn.tokyo-hot.com/media/samples/n0659.mp4",
        "trailer360pUrl": "http://my.cdn.tokyo-hot.com/media/samples/n0659.mp4",
        "trailer480pUrl": "http://my.cdn.tokyo-hot.com/media/samples/n0659.mp4",
        "trailer720pUrl": "http://my.cdn.tokyo-hot.com/media/samples/n0659.mp4",
        "uploadDate": "2018-04-30 23:58",
      },
      Object {
        "completedDownloads": "494",
        "coverUrl": "",
        "idPrefix": "n",
        "idSuffix": "0656",
        "leechs": "17",
        "longTitle": "東京熱Tokyo-Hot n0656 あいりみく東熱ガチ中出し",
        "magnetLink": "magnet:?xt=urn:btih:KUSJ7IFPUNJFZOXQXEX43JG4DJN22HHP&amp;dn=%E6%9D%B1%E4%BA%AC%E7%86%B1Tokyo-Hot+n0656+%E3%81%82%E3%81%84%E3%82%8A%E3%81%BF%E3%81%8F%E6%9D%B1%E7%86%B1%E3%82%AC%E3%83%81%E4%B8%AD%E5%87%BA%E3%81%97&amp;tr=http%3A%2F%2Fsukebei.tracker.wf%3A8888%2Fannounce&amp;tr=udp%3A%2F%2Fopen.stealth.si%3A80%2Fannounce&amp;tr=udp%3A%2F%2Ftracker.opentrackr.org%3A1337%2Fannounce&amp;tr=udp%3A%2F%2Ftracker.coppersurfer.tk%3A6969%2Fannounce&amp;tr=udp%3A%2F%2Ftracker.leechers-paradise.org%3A6969%2Fannounce",
        "seeds": "8",
        "shortTitle": "Tokyo-Hot n0656",
        "size": "2.9 GiB",
        "torrentLink": "https://sukebei.nyaa.si/download/2477978.torrent",
        "trailer1080pUrl": "http://my.cdn.tokyo-hot.com/media/samples/n0656.mp4",
        "trailer360pUrl": "http://my.cdn.tokyo-hot.com/media/samples/n0656.mp4",
        "trailer480pUrl": "http://my.cdn.tokyo-hot.com/media/samples/n0656.mp4",
        "trailer720pUrl": "http://my.cdn.tokyo-hot.com/media/samples/n0656.mp4",
        "uploadDate": "2018-05-02 22:19",
      },
      Object {
        "completedDownloads": "510",
        "coverUrl": "",
        "idPrefix": "n",
        "idSuffix": "0655",
        "leechs": "19",
        "longTitle": "東京熱Tokyo-Hot n0655 荒川洋子 極上キャンギャル発狂32連発",
        "magnetLink": "magnet:?xt=urn:btih:JB3EXGCNVFFBEDOOSL2FPXWGBYBJH4LM&amp;dn=%E6%9D%B1%E4%BA%AC%E7%86%B1Tokyo-Hot+n0655+%E8%8D%92%E5%B7%9D%E6%B4%8B%E5%AD%90+%E6%A5%B5%E4%B8%8A%E3%82%AD%E3%83%A3%E3%83%B3%E3%82%AE%E3%83%A3%E3%83%AB%E7%99%BA%E7%8B%8232%E9%80%A3%E7%99%BA&amp;tr=http%3A%2F%2Fsukebei.tracker.wf%3A8888%2Fannounce&amp;tr=udp%3A%2F%2Fopen.stealth.si%3A80%2Fannounce&amp;tr=udp%3A%2F%2Ftracker.opentrackr.org%3A1337%2Fannounce&amp;tr=udp%3A%2F%2Ftracker.coppersurfer.tk%3A6969%2Fannounce&amp;tr=udp%3A%2F%2Ftracker.leechers-paradise.org%3A6969%2Fannounce",
        "seeds": "8",
        "shortTitle": "Tokyo-Hot n0655",
        "size": "2.8 GiB",
        "torrentLink": "https://sukebei.nyaa.si/download/2477977.torrent",
        "trailer1080pUrl": "http://my.cdn.tokyo-hot.com/media/samples/n0655.mp4",
        "trailer360pUrl": "http://my.cdn.tokyo-hot.com/media/samples/n0655.mp4",
        "trailer480pUrl": "http://my.cdn.tokyo-hot.com/media/samples/n0655.mp4",
        "trailer720pUrl": "http://my.cdn.tokyo-hot.com/media/samples/n0655.mp4",
        "uploadDate": "2018-05-02 22:18",
      },
      Object {
        "completedDownloads": "15372",
        "coverUrl": "",
        "idPrefix": "n",
        "idSuffix": "1245",
        "leechs": "0",
        "longTitle": "Tokyo-Hot n1245 女子アナ天使輪姦肉便器危機一髪！【前編】",
        "magnetLink": "magnet:?xt=urn:btih:EEOY7ZSZZCXUUMLPIW22HZ63RVC6K753&amp;dn=Tokyo-Hot+n1245+%E5%A5%B3%E5%AD%90%E3%82%A2%E3%83%8A%E5%A4%A9%E4%BD%BF%E8%BC%AA%E5%A7%A6%E8%82%89%E4%BE%BF%E5%99%A8%E5%8D%B1%E6%A9%9F%E4%B8%80%E9%AB%AA%EF%BC%81%E3%80%90%E5%89%8D%E7%B7%A8%E3%80%91&amp;tr=http%3A%2F%2Fsukebei.tracker.wf%3A8888%2Fannounce&amp;tr=udp%3A%2F%2Fopen.stealth.si%3A80%2Fannounce&amp;tr=udp%3A%2F%2Ftracker.opentrackr.org%3A1337%2Fannounce&amp;tr=udp%3A%2F%2Ftracker.coppersurfer.tk%3A6969%2Fannounce&amp;tr=udp%3A%2F%2Ftracker.leechers-paradise.org%3A6969%2Fannounce",
        "seeds": "7",
        "shortTitle": "Tokyo-Hot n1245",
        "size": "3.7 GiB",
        "torrentLink": "https://sukebei.nyaa.si/download/2323853.torrent",
        "trailer1080pUrl": "http://my.cdn.tokyo-hot.com/media/samples/n1245.mp4",
        "trailer360pUrl": "http://my.cdn.tokyo-hot.com/media/samples/n1245.mp4",
        "trailer480pUrl": "http://my.cdn.tokyo-hot.com/media/samples/n1245.mp4",
        "trailer720pUrl": "http://my.cdn.tokyo-hot.com/media/samples/n1245.mp4",
        "uploadDate": "2017-07-11 15:44",
      },
      Object {
        "completedDownloads": "10037",
        "coverUrl": "",
        "idPrefix": "n",
        "idSuffix": "1254",
        "leechs": "1",
        "longTitle": "Tokyo-Hot n1254 人体固定中出し輪姦 - 紺野友梨【後編】",
        "magnetLink": "magnet:?xt=urn:btih:FKLVAPGVUFVESGKNYPX6E6YZERBKLXCB&amp;dn=Tokyo-Hot+n1254+%E4%BA%BA%E4%BD%93%E5%9B%BA%E5%AE%9A%E4%B8%AD%E5%87%BA%E3%81%97%E8%BC%AA%E5%A7%A6+-+%E7%B4%BA%E9%87%8E%E5%8F%8B%E6%A2%A8%E3%80%90%E5%BE%8C%E7%B7%A8%E3%80%91&amp;tr=http%3A%2F%2Fsukebei.tracker.wf%3A8888%2Fannounce&amp;tr=udp%3A%2F%2Fopen.stealth.si%3A80%2Fannounce&amp;tr=udp%3A%2F%2Ftracker.opentrackr.org%3A1337%2Fannounce&amp;tr=udp%3A%2F%2Ftracker.coppersurfer.tk%3A6969%2Fannounce&amp;tr=udp%3A%2F%2Ftracker.leechers-paradise.org%3A6969%2Fannounce",
        "seeds": "7",
        "shortTitle": "Tokyo-Hot n1254",
        "size": "1.9 GiB",
        "torrentLink": "https://sukebei.nyaa.si/download/2353274.torrent",
        "trailer1080pUrl": "http://my.cdn.tokyo-hot.com/media/samples/n1254.mp4",
        "trailer360pUrl": "http://my.cdn.tokyo-hot.com/media/samples/n1254.mp4",
        "trailer480pUrl": "http://my.cdn.tokyo-hot.com/media/samples/n1254.mp4",
        "trailer720pUrl": "http://my.cdn.tokyo-hot.com/media/samples/n1254.mp4",
        "uploadDate": "2017-09-12 19:44",
      },
      Object {
        "completedDownloads": "409",
        "coverUrl": "",
        "idPrefix": "n",
        "idSuffix": "0651",
        "leechs": "13",
        "longTitle": "東京熱Tokyo-Hot n0651 南野あかり東熱発狂汁",
        "magnetLink": "magnet:?xt=urn:btih:WEVS6FSTU45YW6LFLBK3TVH3QYYLP4PN&amp;dn=%E6%9D%B1%E4%BA%AC%E7%86%B1Tokyo-Hot+n0651+%E5%8D%97%E9%87%8E%E3%81%82%E3%81%8B%E3%82%8A%E6%9D%B1%E7%86%B1%E7%99%BA%E7%8B%82%E6%B1%81&amp;tr=http%3A%2F%2Fsukebei.tracker.wf%3A8888%2Fannounce&amp;tr=udp%3A%2F%2Fopen.stealth.si%3A80%2Fannounce&amp;tr=udp%3A%2F%2Ftracker.opentrackr.org%3A1337%2Fannounce&amp;tr=udp%3A%2F%2Ftracker.coppersurfer.tk%3A6969%2Fannounce&amp;tr=udp%3A%2F%2Ftracker.leechers-paradise.org%3A6969%2Fannounce",
        "seeds": "7",
        "shortTitle": "Tokyo-Hot n0651",
        "size": "3.0 GiB",
        "torrentLink": "https://sukebei.nyaa.si/download/2475986.torrent",
        "trailer1080pUrl": "http://my.cdn.tokyo-hot.com/media/samples/n0651.mp4",
        "trailer360pUrl": "http://my.cdn.tokyo-hot.com/media/samples/n0651.mp4",
        "trailer480pUrl": "http://my.cdn.tokyo-hot.com/media/samples/n0651.mp4",
        "trailer720pUrl": "http://my.cdn.tokyo-hot.com/media/samples/n0651.mp4",
        "uploadDate": "2018-04-29 01:10",
      },
      Object {
        "completedDownloads": "13086",
        "coverUrl": "",
        "idPrefix": "n",
        "idSuffix": "1261",
        "leechs": "1",
        "longTitle": "Tokyo-Hot n1261 東熱激情 雄汁流し込み特集 part1",
        "magnetLink": "magnet:?xt=urn:btih:THRVFCDM7SLUQ5DNOEFNXQTGNNPHZ2IJ&amp;dn=Tokyo-Hot+n1261+%E6%9D%B1%E7%86%B1%E6%BF%80%E6%83%85+%E9%9B%84%E6%B1%81%E6%B5%81%E3%81%97%E8%BE%BC%E3%81%BF%E7%89%B9%E9%9B%86+part1&amp;tr=http%3A%2F%2Fsukebei.tracker.wf%3A8888%2Fannounce&amp;tr=udp%3A%2F%2Fopen.stealth.si%3A80%2Fannounce&amp;tr=udp%3A%2F%2Ftracker.opentrackr.org%3A1337%2Fannounce&amp;tr=udp%3A%2F%2Ftracker.coppersurfer.tk%3A6969%2Fannounce&amp;tr=udp%3A%2F%2Ftracker.leechers-paradise.org%3A6969%2Fannounce",
        "seeds": "7",
        "shortTitle": "Tokyo-Hot n1261",
        "size": "2.0 GiB",
        "torrentLink": "https://sukebei.nyaa.si/download/2375242.torrent",
        "trailer1080pUrl": "http://my.cdn.tokyo-hot.com/media/samples/n1261.mp4",
        "trailer360pUrl": "http://my.cdn.tokyo-hot.com/media/samples/n1261.mp4",
        "trailer480pUrl": "http://my.cdn.tokyo-hot.com/media/samples/n1261.mp4",
        "trailer720pUrl": "http://my.cdn.tokyo-hot.com/media/samples/n1261.mp4",
        "uploadDate": "2017-10-24 19:19",
      },
      Object {
        "completedDownloads": "13848",
        "coverUrl": "",
        "idPrefix": "n",
        "idSuffix": "1246",
        "leechs": "0",
        "longTitle": "Tokyo-Hot n1246 女子アナ天使輪姦肉便器危機一髪！【後編】",
        "magnetLink": "magnet:?xt=urn:btih:KPNRCL3R3CTXQG4SCQTQUISNUAEHR267&amp;dn=Tokyo-Hot+n1246+%E5%A5%B3%E5%AD%90%E3%82%A2%E3%83%8A%E5%A4%A9%E4%BD%BF%E8%BC%AA%E5%A7%A6%E8%82%89%E4%BE%BF%E5%99%A8%E5%8D%B1%E6%A9%9F%E4%B8%80%E9%AB%AA%EF%BC%81%E3%80%90%E5%BE%8C%E7%B7%A8%E3%80%91&amp;tr=http%3A%2F%2Fsukebei.tracker.wf%3A8888%2Fannounce&amp;tr=udp%3A%2F%2Fopen.stealth.si%3A80%2Fannounce&amp;tr=udp%3A%2F%2Ftracker.opentrackr.org%3A1337%2Fannounce&amp;tr=udp%3A%2F%2Ftracker.coppersurfer.tk%3A6969%2Fannounce&amp;tr=udp%3A%2F%2Ftracker.leechers-paradise.org%3A6969%2Fannounce",
        "seeds": "7",
        "shortTitle": "Tokyo-Hot n1246",
        "size": "2.0 GiB",
        "torrentLink": "https://sukebei.nyaa.si/download/2326773.torrent",
        "trailer1080pUrl": "http://my.cdn.tokyo-hot.com/media/samples/n1246.mp4",
        "trailer360pUrl": "http://my.cdn.tokyo-hot.com/media/samples/n1246.mp4",
        "trailer480pUrl": "http://my.cdn.tokyo-hot.com/media/samples/n1246.mp4",
        "trailer720pUrl": "http://my.cdn.tokyo-hot.com/media/samples/n1246.mp4",
        "uploadDate": "2017-07-18 14:44",
      },
      Object {
        "completedDownloads": "9770",
        "coverUrl": "",
        "idPrefix": "n",
        "idSuffix": "1267",
        "leechs": "2",
        "longTitle": "Tokyo-Hot n1267 東熱激情 雄汁流し込み特集 part2",
        "magnetLink": "magnet:?xt=urn:btih:DQDA2HV2QQBS2GPOD5TQ3O4LSL74W5LA&amp;dn=Tokyo-Hot+n1267+%E6%9D%B1%E7%86%B1%E6%BF%80%E6%83%85+%E9%9B%84%E6%B1%81%E6%B5%81%E3%81%97%E8%BE%BC%E3%81%BF%E7%89%B9%E9%9B%86+part2&amp;tr=http%3A%2F%2Fsukebei.tracker.wf%3A8888%2Fannounce&amp;tr=udp%3A%2F%2Fopen.stealth.si%3A80%2Fannounce&amp;tr=udp%3A%2F%2Ftracker.opentrackr.org%3A1337%2Fannounce&amp;tr=udp%3A%2F%2Ftracker.coppersurfer.tk%3A6969%2Fannounce&amp;tr=udp%3A%2F%2Ftracker.leechers-paradise.org%3A6969%2Fannounce",
        "seeds": "7",
        "shortTitle": "Tokyo-Hot n1267",
        "size": "1.8 GiB",
        "torrentLink": "https://sukebei.nyaa.si/download/2391170.torrent",
        "trailer1080pUrl": "http://my.cdn.tokyo-hot.com/media/samples/n1267.mp4",
        "trailer360pUrl": "http://my.cdn.tokyo-hot.com/media/samples/n1267.mp4",
        "trailer480pUrl": "http://my.cdn.tokyo-hot.com/media/samples/n1267.mp4",
        "trailer720pUrl": "http://my.cdn.tokyo-hot.com/media/samples/n1267.mp4",
        "uploadDate": "2017-11-21 19:24",
      },
      Object {
        "completedDownloads": "373",
        "coverUrl": "",
        "idPrefix": "n",
        "idSuffix": "1293",
        "leechs": "7",
        "longTitle": "Tokyo-Hot n1293-n1294 東熱激情 屈辱羞恥クスコ 特集",
        "magnetLink": "magnet:?xt=urn:btih:V27JEYQLLYWAPEGVAM5SCHBXXXW5D5EI&amp;dn=Tokyo-Hot+n1293-n1294+%E6%9D%B1%E7%86%B1%E6%BF%80%E6%83%85+%E5%B1%88%E8%BE%B1%E7%BE%9E%E6%81%A5%E3%82%AF%E3%82%B9%E3%82%B3+%E7%89%B9%E9%9B%86&amp;tr=http%3A%2F%2Fsukebei.tracker.wf%3A8888%2Fannounce&amp;tr=udp%3A%2F%2Fopen.stealth.si%3A80%2Fannounce&amp;tr=udp%3A%2F%2Ftracker.opentrackr.org%3A1337%2Fannounce&amp;tr=udp%3A%2F%2Ftracker.coppersurfer.tk%3A6969%2Fannounce&amp;tr=udp%3A%2F%2Ftracker.leechers-paradise.org%3A6969%2Fannounce",
        "seeds": "7",
        "shortTitle": "Tokyo-Hot n1293",
        "size": "2.5 GiB",
        "torrentLink": "https://sukebei.nyaa.si/download/2458280.torrent",
        "trailer1080pUrl": "http://my.cdn.tokyo-hot.com/media/samples/n1293.mp4",
        "trailer360pUrl": "http://my.cdn.tokyo-hot.com/media/samples/n1293.mp4",
        "trailer480pUrl": "http://my.cdn.tokyo-hot.com/media/samples/n1293.mp4",
        "trailer720pUrl": "http://my.cdn.tokyo-hot.com/media/samples/n1293.mp4",
        "uploadDate": "2018-03-25 01:04",
      },
      Object {
        "completedDownloads": "398",
        "coverUrl": "",
        "idPrefix": "n",
        "idSuffix": "0658",
        "leechs": "17",
        "longTitle": "東京熱 Tokyo-Hot n0658 七草アンナ パイパン炉マン極中出し",
        "magnetLink": "magnet:?xt=urn:btih:5DZ7DA3CLELDGZ743U6ALEOQTU6KTSWK&amp;dn=%E6%9D%B1%E4%BA%AC%E7%86%B1+Tokyo-Hot+n0658+%E4%B8%83%E8%8D%89%E3%82%A2%E3%83%B3%E3%83%8A+%E3%83%91%E3%82%A4%E3%83%91%E3%83%B3%E7%82%89%E3%83%9E%E3%83%B3%E6%A5%B5%E4%B8%AD%E5%87%BA%E3%81%97&amp;tr=http%3A%2F%2Fsukebei.tracker.wf%3A8888%2Fannounce&amp;tr=udp%3A%2F%2Fopen.stealth.si%3A80%2Fannounce&amp;tr=udp%3A%2F%2Ftracker.opentrackr.org%3A1337%2Fannounce&amp;tr=udp%3A%2F%2Ftracker.coppersurfer.tk%3A6969%2Fannounce&amp;tr=udp%3A%2F%2Ftracker.leechers-paradise.org%3A6969%2Fannounce",
        "seeds": "7",
        "shortTitle": "Tokyo-Hot n0658",
        "size": "3.2 GiB",
        "torrentLink": "https://sukebei.nyaa.si/download/2477060.torrent",
        "trailer1080pUrl": "http://my.cdn.tokyo-hot.com/media/samples/n0658.mp4",
        "trailer360pUrl": "http://my.cdn.tokyo-hot.com/media/samples/n0658.mp4",
        "trailer480pUrl": "http://my.cdn.tokyo-hot.com/media/samples/n0658.mp4",
        "trailer720pUrl": "http://my.cdn.tokyo-hot.com/media/samples/n0658.mp4",
        "uploadDate": "2018-04-30 23:58",
      },
      Object {
        "completedDownloads": "8770",
        "coverUrl": "",
        "idPrefix": "n",
        "idSuffix": "1263",
        "leechs": "6",
        "longTitle": "Tokyo-Hot n1263 東熱激情 イキ地獄女子校生 特集 part1",
        "magnetLink": "magnet:?xt=urn:btih:XJGHAXUWWA36ONLACMN67A6JZKZ5AEPM&amp;dn=Tokyo-Hot+n1263+%E6%9D%B1%E7%86%B1%E6%BF%80%E6%83%85+%E3%82%A4%E3%82%AD%E5%9C%B0%E7%8D%84%E5%A5%B3%E5%AD%90%E6%A0%A1%E7%94%9F+%E7%89%B9%E9%9B%86+part1&amp;tr=http%3A%2F%2Fsukebei.tracker.wf%3A8888%2Fannounce&amp;tr=udp%3A%2F%2Fopen.stealth.si%3A80%2Fannounce&amp;tr=udp%3A%2F%2Ftracker.opentrackr.org%3A1337%2Fannounce&amp;tr=udp%3A%2F%2Ftracker.coppersurfer.tk%3A6969%2Fannounce&amp;tr=udp%3A%2F%2Ftracker.leechers-paradise.org%3A6969%2Fannounce",
        "seeds": "6",
        "shortTitle": "Tokyo-Hot n1263",
        "size": "2.2 GiB",
        "torrentLink": "https://sukebei.nyaa.si/download/2379402.torrent",
        "trailer1080pUrl": "http://my.cdn.tokyo-hot.com/media/samples/n1263.mp4",
        "trailer360pUrl": "http://my.cdn.tokyo-hot.com/media/samples/n1263.mp4",
        "trailer480pUrl": "http://my.cdn.tokyo-hot.com/media/samples/n1263.mp4",
        "trailer720pUrl": "http://my.cdn.tokyo-hot.com/media/samples/n1263.mp4",
        "uploadDate": "2017-10-31 15:51",
      },
    ],
    "type": "FETCHED_TOKYO_SUKEIBEI_LINKS",
  },
]
`;
